Component: ARM Compiler 5.05 update 1 (build 106) Tool: armlink [4d0efa]

==============================================================================

Section Cross References

    main.o(i.big_point) refers to lcd.o(i.LCD_Fast_DrawPoint) for LCD_Fast_DrawPoint
    main.o(i.main) refers to delay.o(i.delay_init) for delay_init
    main.o(i.main) refers to misc.o(i.NVIC_PriorityGroupConfig) for NVIC_PriorityGroupConfig
    main.o(i.main) refers to usart.o(i.uart_init) for uart_init
    main.o(i.main) refers to led.o(i.LED_Init) for LED_Init
    main.o(i.main) refers to lcd.o(i.LCD_Init) for LCD_Init
    main.o(i.main) refers to lcd.o(i.LCD_ShowString) for LCD_ShowString
    main.o(i.main) refers to lcd.o(i.LCD_Clear) for LCD_Clear
    main.o(i.main) refers to dflti.o(.text) for __aeabi_i2d
    main.o(i.main) refers to dmul.o(.text) for __aeabi_dmul
    main.o(i.main) refers to dfixi.o(.text) for __aeabi_d2iz
    main.o(i.main) refers to dfltui.o(.text) for __aeabi_ui2d
    main.o(i.main) refers to dadd.o(.text) for __aeabi_drsub
    main.o(i.main) refers to main.o(i.big_point) for big_point
    main.o(i.main) refers to lcd.o(i.LCD_Fill) for LCD_Fill
    main.o(i.main) refers to main.o(.data) for .data
    main.o(i.main) refers to main.o(.bss) for .bss
    main.o(i.main) refers to lcd.o(.data) for POINT_COLOR
    main.o(i.main) refers to usart.o(.bss) for SendData
    main.o(i.main) refers to ddiv.o(.text) for __aeabi_ddiv
    main.o(i.main) refers to f2d.o(.text) for __aeabi_f2d
    main.o(i.main) refers to d2f.o(.text) for __aeabi_d2f
    main.o(i.main) refers to ffltui.o(.text) for __aeabi_ui2f
    main.o(i.main) refers to fdiv.o(.text) for __aeabi_fdiv
    main.o(i.main) refers to fflti.o(.text) for __aeabi_i2f
    main.o(i.main) refers to fmul.o(.text) for __aeabi_fmul
    main.o(i.main) refers to ffixi.o(.text) for __aeabi_f2iz
    main.o(i.main) refers to lcd.o(i.LCD_ShowNum) for LCD_ShowNum
    main.o(i.main) refers to usart.o(.data) for USART_RX_STA
    system_stm32f10x.o(i.SetSysClock) refers to system_stm32f10x.o(i.SetSysClockTo72) for SetSysClockTo72
    system_stm32f10x.o(i.SystemCoreClockUpdate) refers to system_stm32f10x.o(.data) for .data
    system_stm32f10x.o(i.SystemInit) refers to system_stm32f10x.o(i.SetSysClock) for SetSysClock
    led.o(i.LED_Init) refers to stm32f10x_rcc.o(i.RCC_APB2PeriphClockCmd) for RCC_APB2PeriphClockCmd
    led.o(i.LED_Init) refers to stm32f10x_gpio.o(i.GPIO_Init) for GPIO_Init
    led.o(i.LED_Init) refers to stm32f10x_gpio.o(i.GPIO_SetBits) for GPIO_SetBits
    key.o(i.KEY_Init) refers to stm32f10x_rcc.o(i.RCC_APB2PeriphClockCmd) for RCC_APB2PeriphClockCmd
    key.o(i.KEY_Init) refers to stm32f10x_gpio.o(i.GPIO_Init) for GPIO_Init
    key.o(i.KEY_Scan) refers to stm32f10x_gpio.o(i.GPIO_ReadInputDataBit) for GPIO_ReadInputDataBit
    key.o(i.KEY_Scan) refers to delay.o(i.delay_ms) for delay_ms
    key.o(i.KEY_Scan) refers to key.o(.data) for .data
    lcd.o(i.Color_Test) refers to lcd.o(i.LCD_Clear) for LCD_Clear
    lcd.o(i.Color_Test) refers to text.o(i.Draw_Font16B) for Draw_Font16B
    lcd.o(i.Color_Test) refers to lcd.o(i.LCD_Fill) for LCD_Fill
    lcd.o(i.Color_Test) refers to delay.o(i.delay_ms) for delay_ms
    lcd.o(i.Color_Test) refers to lcd.o(i.Draw_Test) for Draw_Test
    lcd.o(i.Color_Test) refers to lcd.o(.bss) for .bss
    lcd.o(i.Demo_Menu) refers to lcd.o(i.LCD_Clear) for LCD_Clear
    lcd.o(i.Demo_Menu) refers to text.o(i.Draw_Font24B) for Draw_Font24B
    lcd.o(i.Demo_Menu) refers to lcd.o(i.DisplayButtonUp) for DisplayButtonUp
    lcd.o(i.Demo_Menu) refers to text.o(i.Draw_Font16B) for Draw_Font16B
    lcd.o(i.Demo_Menu) refers to delay.o(i.delay_ms) for delay_ms
    lcd.o(i.Demo_Menu) refers to lcd.o(i.Color_Test) for Color_Test
    lcd.o(i.Demo_Menu) refers to lcd.o(i.Font_Test) for Font_Test
    lcd.o(i.Demo_Menu) refers to gbk_libdrive.o(i.GBK_LibFont_Test) for GBK_LibFont_Test
    lcd.o(i.Demo_Menu) refers to dis_picture.o(i.Show_Picture) for Show_Picture
    lcd.o(i.DisplayButtonDown) refers to lcd.o(i.LCD_DrawLine) for LCD_DrawLine
    lcd.o(i.DisplayButtonUp) refers to lcd.o(i.LCD_DrawLine) for LCD_DrawLine
    lcd.o(i.Draw_Test) refers to lcd.o(i.LCD_Clear) for LCD_Clear
    lcd.o(i.Draw_Test) refers to lcd.o(i.LCD_DrawLine) for LCD_DrawLine
    lcd.o(i.Draw_Test) refers to lcd.o(i.LCD_DrawRectangle) for LCD_DrawRectangle
    lcd.o(i.Draw_Test) refers to lcd.o(i.LCD_Draw_Circle) for LCD_Draw_Circle
    lcd.o(i.Draw_Test) refers to delay.o(i.delay_ms) for delay_ms
    lcd.o(i.Font_Test) refers to lcd.o(i.LCD_Clear) for LCD_Clear
    lcd.o(i.Font_Test) refers to text.o(i.Draw_Font16B) for Draw_Font16B
    lcd.o(i.Font_Test) refers to delay.o(i.delay_ms) for delay_ms
    lcd.o(i.Font_Test) refers to text.o(i.Draw_Font24B) for Draw_Font24B
    lcd.o(i.Font_Test) refers to lcd.o(.conststring) for .conststring
    lcd.o(i.LCD_Clear) refers to lcd.o(i.LCD_Set_Window) for LCD_Set_Window
    lcd.o(i.LCD_Clear) refers to lcd.o(i.LCD_SetCursor) for LCD_SetCursor
    lcd.o(i.LCD_Clear) refers to lcd.o(i.LCD_WriteRAM_Prepare) for LCD_WriteRAM_Prepare
    lcd.o(i.LCD_Clear) refers to lcd.o(.bss) for .bss
    lcd.o(i.LCD_Color_Fill) refers to lcd.o(i.LCD_SetCursor) for LCD_SetCursor
    lcd.o(i.LCD_Color_Fill) refers to lcd.o(i.LCD_WriteRAM_Prepare) for LCD_WriteRAM_Prepare
    lcd.o(i.LCD_DisplayOff) refers to lcd.o(i.LCD_WR_REG) for LCD_WR_REG
    lcd.o(i.LCD_DisplayOff) refers to lcd.o(.bss) for .bss
    lcd.o(i.LCD_DisplayOn) refers to lcd.o(i.LCD_WR_REG) for LCD_WR_REG
    lcd.o(i.LCD_DisplayOn) refers to lcd.o(.bss) for .bss
    lcd.o(i.LCD_Display_Dir) refers to lcd.o(i.LCD_Scan_Dir) for LCD_Scan_Dir
    lcd.o(i.LCD_Display_Dir) refers to lcd.o(.bss) for .bss
    lcd.o(i.LCD_DrawLine) refers to lcd.o(i.LCD_Fast_DrawPoint) for LCD_Fast_DrawPoint
    lcd.o(i.LCD_DrawPoint) refers to lcd.o(i.LCD_SetCursor) for LCD_SetCursor
    lcd.o(i.LCD_DrawPoint) refers to lcd.o(i.LCD_WriteRAM_Prepare) for LCD_WriteRAM_Prepare
    lcd.o(i.LCD_DrawPoint) refers to lcd.o(.data) for .data
    lcd.o(i.LCD_DrawRectangle) refers to lcd.o(i.LCD_DrawLine) for LCD_DrawLine
    lcd.o(i.LCD_Draw_Circle) refers to lcd.o(i.LCD_Fast_DrawPoint) for LCD_Fast_DrawPoint
    lcd.o(i.LCD_Fast_DrawPoint) refers to lcd.o(i.LCD_WR_REG) for LCD_WR_REG
    lcd.o(i.LCD_Fast_DrawPoint) refers to lcd.o(i.LCD_WR_DATA) for LCD_WR_DATA
    lcd.o(i.LCD_Fast_DrawPoint) refers to lcd.o(.bss) for .bss
    lcd.o(i.LCD_Fill) refers to lcd.o(i.LCD_SetCursor) for LCD_SetCursor
    lcd.o(i.LCD_Fill) refers to lcd.o(i.LCD_WriteRAM_Prepare) for LCD_WriteRAM_Prepare
    lcd.o(i.LCD_Init) refers to stm32f10x_rcc.o(i.RCC_AHBPeriphClockCmd) for RCC_AHBPeriphClockCmd
    lcd.o(i.LCD_Init) refers to stm32f10x_rcc.o(i.RCC_APB2PeriphClockCmd) for RCC_APB2PeriphClockCmd
    lcd.o(i.LCD_Init) refers to stm32f10x_gpio.o(i.GPIO_Init) for GPIO_Init
    lcd.o(i.LCD_Init) refers to stm32f10x_fsmc.o(i.FSMC_NORSRAMInit) for FSMC_NORSRAMInit
    lcd.o(i.LCD_Init) refers to stm32f10x_fsmc.o(i.FSMC_NORSRAMCmd) for FSMC_NORSRAMCmd
    lcd.o(i.LCD_Init) refers to delay.o(i.delay_ms) for delay_ms
    lcd.o(i.LCD_Init) refers to lcd.o(i.LCD_ReadReg) for LCD_ReadReg
    lcd.o(i.LCD_Init) refers to lcd.o(i.LCD_WR_REG) for LCD_WR_REG
    lcd.o(i.LCD_Init) refers to lcd.o(i.LCD_RD_DATA) for LCD_RD_DATA
    lcd.o(i.LCD_Init) refers to lcd.o(i.LCD_WR_DATA) for LCD_WR_DATA
    lcd.o(i.LCD_Init) refers to lcd.o(i.LCD_Display_Dir) for LCD_Display_Dir
    lcd.o(i.LCD_Init) refers to lcd.o(i.LCD_Clear) for LCD_Clear
    lcd.o(i.LCD_Init) refers to lcd.o(.bss) for .bss
    lcd.o(i.LCD_ReadPoint) refers to lcd.o(i.LCD_SetCursor) for LCD_SetCursor
    lcd.o(i.LCD_ReadPoint) refers to lcd.o(i.LCD_WR_REG) for LCD_WR_REG
    lcd.o(i.LCD_ReadPoint) refers to lcd.o(i.LCD_RD_DATA) for LCD_RD_DATA
    lcd.o(i.LCD_ReadPoint) refers to lcd.o(i.opt_delay) for opt_delay
    lcd.o(i.LCD_ReadPoint) refers to lcd.o(i.LCD_BGR2RGB) for LCD_BGR2RGB
    lcd.o(i.LCD_ReadPoint) refers to lcd.o(.bss) for .bss
    lcd.o(i.LCD_ReadReg) refers to lcd.o(i.LCD_WR_REG) for LCD_WR_REG
    lcd.o(i.LCD_ReadReg) refers to delay.o(i.delay_us) for delay_us
    lcd.o(i.LCD_ReadReg) refers to lcd.o(i.LCD_RD_DATA) for LCD_RD_DATA
    lcd.o(i.LCD_Scan_Dir) refers to lcd.o(i.LCD_WriteReg) for LCD_WriteReg
    lcd.o(i.LCD_Scan_Dir) refers to lcd.o(i.LCD_WR_REG) for LCD_WR_REG
    lcd.o(i.LCD_Scan_Dir) refers to lcd.o(i.LCD_WR_DATA) for LCD_WR_DATA
    lcd.o(i.LCD_Scan_Dir) refers to lcd.o(.bss) for .bss
    lcd.o(i.LCD_SetCursor) refers to lcd.o(i.LCD_WR_REG) for LCD_WR_REG
    lcd.o(i.LCD_SetCursor) refers to lcd.o(i.LCD_WR_DATA) for LCD_WR_DATA
    lcd.o(i.LCD_SetCursor) refers to lcd.o(.bss) for .bss
    lcd.o(i.LCD_Set_Window) refers to lcd.o(i.LCD_WR_REG) for LCD_WR_REG
    lcd.o(i.LCD_Set_Window) refers to lcd.o(i.LCD_WR_DATA) for LCD_WR_DATA
    lcd.o(i.LCD_Set_Window) refers to lcd.o(.bss) for .bss
    lcd.o(i.LCD_ShowChar) refers to lcd.o(i.LCD_Fast_DrawPoint) for LCD_Fast_DrawPoint
    lcd.o(i.LCD_ShowChar) refers to font.o(.constdata) for asc2_2412
    lcd.o(i.LCD_ShowChar) refers to font.o(.constdata) for asc2_1206
    lcd.o(i.LCD_ShowChar) refers to font.o(.constdata) for asc2_1608
    lcd.o(i.LCD_ShowChar) refers to lcd.o(.data) for .data
    lcd.o(i.LCD_ShowChar) refers to lcd.o(.bss) for .bss
    lcd.o(i.LCD_ShowNum) refers to lcd.o(i.LCD_Pow) for LCD_Pow
    lcd.o(i.LCD_ShowNum) refers to lcd.o(i.LCD_ShowChar) for LCD_ShowChar
    lcd.o(i.LCD_ShowString) refers to lcd.o(i.LCD_ShowChar) for LCD_ShowChar
    lcd.o(i.LCD_ShowxNum) refers to lcd.o(i.LCD_Pow) for LCD_Pow
    lcd.o(i.LCD_ShowxNum) refers to lcd.o(i.LCD_ShowChar) for LCD_ShowChar
    lcd.o(i.LCD_WriteRAM_Prepare) refers to lcd.o(.bss) for .bss
    text.o(i.Copy_HZK16) refers to text.o(i.Copy_Mem) for Copy_Mem
    text.o(i.Copy_HZK16) refers to font.o(.constdata) for hz16
    text.o(i.Copy_HZK24) refers to text.o(i.Copy_Mem) for Copy_Mem
    text.o(i.Copy_HZK24) refers to font.o(.constdata) for hz24
    text.o(i.Draw_Font16B) refers to text.o(i.Show_Str) for Show_Str
    text.o(i.Draw_Font16B) refers to lcd.o(.bss) for lcddev
    text.o(i.Draw_Font24B) refers to text.o(i.Show_Str) for Show_Str
    text.o(i.Draw_Font24B) refers to lcd.o(.bss) for lcddev
    text.o(i.Get_HzMat) refers to text.o(i.Copy_HZK24) for Copy_HZK24
    text.o(i.Get_HzMat) refers to text.o(i.Copy_HZK16) for Copy_HZK16
    text.o(i.Show_Font) refers to text.o(i.Get_HzMat) for Get_HzMat
    text.o(i.Show_Font) refers to lcd.o(i.LCD_Fast_DrawPoint) for LCD_Fast_DrawPoint
    text.o(i.Show_Font) refers to lcd.o(.data) for BACK_COLOR
    text.o(i.Show_Str) refers to text.o(i.Show_Font) for Show_Font
    text.o(i.Show_Str) refers to lcd.o(i.LCD_ShowChar) for LCD_ShowChar
    dis_picture.o(i.Show_Picture) refers to lcd.o(i.LCD_Clear) for LCD_Clear
    dis_picture.o(i.Show_Picture) refers to text.o(i.Draw_Font16B) for Draw_Font16B
    dis_picture.o(i.Show_Picture) refers to delay.o(i.delay_ms) for delay_ms
    dis_picture.o(i.Show_Picture) refers to lcd.o(i.LCD_Set_Window) for LCD_Set_Window
    dis_picture.o(i.Show_Picture) refers to lcd.o(i.LCD_WriteRAM_Prepare) for LCD_WriteRAM_Prepare
    dis_picture.o(i.Show_Picture) refers to picture.o(.constdata) for gImage_LCD280
    adc.o(i.Adc_Init) refers to stm32f10x_rcc.o(i.RCC_APB2PeriphClockCmd) for RCC_APB2PeriphClockCmd
    adc.o(i.Adc_Init) refers to stm32f10x_rcc.o(i.RCC_ADCCLKConfig) for RCC_ADCCLKConfig
    adc.o(i.Adc_Init) refers to stm32f10x_gpio.o(i.GPIO_Init) for GPIO_Init
    adc.o(i.Adc_Init) refers to stm32f10x_adc.o(i.ADC_DeInit) for ADC_DeInit
    adc.o(i.Adc_Init) refers to stm32f10x_adc.o(i.ADC_Init) for ADC_Init
    adc.o(i.Adc_Init) refers to stm32f10x_adc.o(i.ADC_Cmd) for ADC_Cmd
    adc.o(i.Adc_Init) refers to stm32f10x_adc.o(i.ADC_ResetCalibration) for ADC_ResetCalibration
    adc.o(i.Adc_Init) refers to stm32f10x_adc.o(i.ADC_GetResetCalibrationStatus) for ADC_GetResetCalibrationStatus
    adc.o(i.Adc_Init) refers to stm32f10x_adc.o(i.ADC_StartCalibration) for ADC_StartCalibration
    adc.o(i.Adc_Init) refers to stm32f10x_adc.o(i.ADC_GetCalibrationStatus) for ADC_GetCalibrationStatus
    adc.o(i.Get_Adc) refers to stm32f10x_adc.o(i.ADC_RegularChannelConfig) for ADC_RegularChannelConfig
    adc.o(i.Get_Adc) refers to stm32f10x_adc.o(i.ADC_SoftwareStartConvCmd) for ADC_SoftwareStartConvCmd
    adc.o(i.Get_Adc) refers to stm32f10x_adc.o(i.ADC_GetFlagStatus) for ADC_GetFlagStatus
    adc.o(i.Get_Adc) refers to stm32f10x_adc.o(i.ADC_GetConversionValue) for ADC_GetConversionValue
    adc.o(i.Get_Adc_Average) refers to adc.o(i.Get_Adc) for Get_Adc
    adc.o(i.Get_Adc_Average) refers to delay.o(i.delay_ms) for delay_ms
    delay.o(i.delay_init) refers to misc.o(i.SysTick_CLKSourceConfig) for SysTick_CLKSourceConfig
    delay.o(i.delay_init) refers to system_stm32f10x.o(.data) for SystemCoreClock
    delay.o(i.delay_init) refers to delay.o(.data) for .data
    delay.o(i.delay_ms) refers to delay.o(.data) for .data
    delay.o(i.delay_us) refers to delay.o(.data) for .data
    usart.o(i.USART1_IRQHandler) refers to stm32f10x_usart.o(i.USART_GetITStatus) for USART_GetITStatus
    usart.o(i.USART1_IRQHandler) refers to stm32f10x_usart.o(i.USART_ReceiveData) for USART_ReceiveData
    usart.o(i.USART1_IRQHandler) refers to usart.o(.data) for .data
    usart.o(i.USART1_IRQHandler) refers to usart.o(.bss) for .bss
    usart.o(i.uart_init) refers to stm32f10x_rcc.o(i.RCC_APB2PeriphClockCmd) for RCC_APB2PeriphClockCmd
    usart.o(i.uart_init) refers to stm32f10x_gpio.o(i.GPIO_Init) for GPIO_Init
    usart.o(i.uart_init) refers to misc.o(i.NVIC_Init) for NVIC_Init
    usart.o(i.uart_init) refers to stm32f10x_usart.o(i.USART_Init) for USART_Init
    usart.o(i.uart_init) refers to stm32f10x_usart.o(i.USART_ITConfig) for USART_ITConfig
    usart.o(i.uart_init) refers to stm32f10x_usart.o(i.USART_Cmd) for USART_Cmd
    startup_stm32f10x_hd.o(RESET) refers to startup_stm32f10x_hd.o(STACK) for __initial_sp
    startup_stm32f10x_hd.o(RESET) refers to startup_stm32f10x_hd.o(.text) for Reset_Handler
    startup_stm32f10x_hd.o(RESET) refers to stm32f10x_it.o(i.NMI_Handler) for NMI_Handler
    startup_stm32f10x_hd.o(RESET) refers to stm32f10x_it.o(i.HardFault_Handler) for HardFault_Handler
    startup_stm32f10x_hd.o(RESET) refers to stm32f10x_it.o(i.MemManage_Handler) for MemManage_Handler
    startup_stm32f10x_hd.o(RESET) refers to stm32f10x_it.o(i.BusFault_Handler) for BusFault_Handler
    startup_stm32f10x_hd.o(RESET) refers to stm32f10x_it.o(i.UsageFault_Handler) for UsageFault_Handler
    startup_stm32f10x_hd.o(RESET) refers to stm32f10x_it.o(i.SVC_Handler) for SVC_Handler
    startup_stm32f10x_hd.o(RESET) refers to stm32f10x_it.o(i.DebugMon_Handler) for DebugMon_Handler
    startup_stm32f10x_hd.o(RESET) refers to stm32f10x_it.o(i.PendSV_Handler) for PendSV_Handler
    startup_stm32f10x_hd.o(RESET) refers to stm32f10x_it.o(i.SysTick_Handler) for SysTick_Handler
    startup_stm32f10x_hd.o(RESET) refers to usart.o(i.USART1_IRQHandler) for USART1_IRQHandler
    startup_stm32f10x_hd.o(.text) refers to system_stm32f10x.o(i.SystemInit) for SystemInit
    startup_stm32f10x_hd.o(.text) refers to entry.o(.ARM.Collect$$$$00000000) for __main
    stm32f10x_gpio.o(i.GPIO_AFIODeInit) refers to stm32f10x_rcc.o(i.RCC_APB2PeriphResetCmd) for RCC_APB2PeriphResetCmd
    stm32f10x_gpio.o(i.GPIO_DeInit) refers to stm32f10x_rcc.o(i.RCC_APB2PeriphResetCmd) for RCC_APB2PeriphResetCmd
    stm32f10x_rcc.o(i.RCC_GetClocksFreq) refers to stm32f10x_rcc.o(.data) for .data
    stm32f10x_rcc.o(i.RCC_WaitForHSEStartUp) refers to stm32f10x_rcc.o(i.RCC_GetFlagStatus) for RCC_GetFlagStatus
    stm32f10x_usart.o(i.USART_DeInit) refers to stm32f10x_rcc.o(i.RCC_APB2PeriphResetCmd) for RCC_APB2PeriphResetCmd
    stm32f10x_usart.o(i.USART_DeInit) refers to stm32f10x_rcc.o(i.RCC_APB1PeriphResetCmd) for RCC_APB1PeriphResetCmd
    stm32f10x_usart.o(i.USART_Init) refers to stm32f10x_rcc.o(i.RCC_GetClocksFreq) for RCC_GetClocksFreq
    stm32f10x_adc.o(i.ADC_DeInit) refers to stm32f10x_rcc.o(i.RCC_APB2PeriphResetCmd) for RCC_APB2PeriphResetCmd
    gbk_libdrive.o(i.DrawFontASC_GBK48B) refers to gbk_libdrive.o(i.GBK_Show_Str) for GBK_Show_Str
    gbk_libdrive.o(i.DrawFontASC_GBK48B) refers to lcd.o(.bss) for lcddev
    gbk_libdrive.o(i.DrawFontASC_GBK48B) refers to lcd.o(.data) for BACK_COLOR
    gbk_libdrive.o(i.DrawFontASC_GBK64B) refers to gbk_libdrive.o(i.GBK_Show_Str) for GBK_Show_Str
    gbk_libdrive.o(i.DrawFontASC_GBK64B) refers to lcd.o(.bss) for lcddev
    gbk_libdrive.o(i.DrawFontASC_GBK64B) refers to lcd.o(.data) for BACK_COLOR
    gbk_libdrive.o(i.DrawFont_GBK12B) refers to gbk_libdrive.o(i.GBK_Show_Str) for GBK_Show_Str
    gbk_libdrive.o(i.DrawFont_GBK12B) refers to lcd.o(.bss) for lcddev
    gbk_libdrive.o(i.DrawFont_GBK12B) refers to lcd.o(.data) for BACK_COLOR
    gbk_libdrive.o(i.DrawFont_GBK16B) refers to gbk_libdrive.o(i.GBK_Show_Str) for GBK_Show_Str
    gbk_libdrive.o(i.DrawFont_GBK16B) refers to lcd.o(.bss) for lcddev
    gbk_libdrive.o(i.DrawFont_GBK16B) refers to lcd.o(.data) for BACK_COLOR
    gbk_libdrive.o(i.DrawFont_GBK24B) refers to gbk_libdrive.o(i.GBK_Show_Str) for GBK_Show_Str
    gbk_libdrive.o(i.DrawFont_GBK24B) refers to lcd.o(.bss) for lcddev
    gbk_libdrive.o(i.DrawFont_GBK24B) refers to lcd.o(.data) for BACK_COLOR
    gbk_libdrive.o(i.DrawFont_GBK32B) refers to gbk_libdrive.o(i.GBK_Show_Str) for GBK_Show_Str
    gbk_libdrive.o(i.DrawFont_GBK32B) refers to lcd.o(.bss) for lcddev
    gbk_libdrive.o(i.DrawFont_GBK32B) refers to lcd.o(.data) for BACK_COLOR
    gbk_libdrive.o(i.FontLib_Read) refers to stm32f10x_gpio.o(i.GPIO_SetBits) for GPIO_SetBits
    gbk_libdrive.o(i.FontLib_Read) refers to gbk_libdrive.o(i.GBK_delay) for GBK_delay
    gbk_libdrive.o(i.FontLib_Read) refers to gbk_libdrive.o(i.Font_SPI_WR) for Font_SPI_WR
    gbk_libdrive.o(i.FontLib_Read) refers to stm32f10x_gpio.o(i.GPIO_ResetBits) for GPIO_ResetBits
    gbk_libdrive.o(i.Font_SPI_WR) refers to stm32f10x_gpio.o(i.GPIO_SetBits) for GPIO_SetBits
    gbk_libdrive.o(i.Font_SPI_WR) refers to stm32f10x_gpio.o(i.GPIO_ResetBits) for GPIO_ResetBits
    gbk_libdrive.o(i.Font_SPI_WR) refers to stm32f10x_gpio.o(i.GPIO_ReadInputDataBit) for GPIO_ReadInputDataBit
    gbk_libdrive.o(i.GBK_GetASC_Point) refers to gbk_libdrive.o(i.FontLib_Read) for FontLib_Read
    gbk_libdrive.o(i.GBK_LibFont_Test) refers to lcd.o(i.LCD_Clear) for LCD_Clear
    gbk_libdrive.o(i.GBK_LibFont_Test) refers to gbk_libdrive.o(i.DrawFont_GBK16B) for DrawFont_GBK16B
    gbk_libdrive.o(i.GBK_LibFont_Test) refers to delay.o(i.delay_ms) for delay_ms
    gbk_libdrive.o(i.GBK_LibFont_Test) refers to gbk_libdrive.o(i.GBK_Show_Str) for GBK_Show_Str
    gbk_libdrive.o(i.GBK_LibFont_Test) refers to gbk_libdrive.o(i.DrawFont_GBK12B) for DrawFont_GBK12B
    gbk_libdrive.o(i.GBK_LibFont_Test) refers to gbk_libdrive.o(i.GBK_Show_StrMid) for GBK_Show_StrMid
    gbk_libdrive.o(i.GBK_LibFont_Test) refers to gbk_libdrive.o(i.DrawFont_GBK32B) for DrawFont_GBK32B
    gbk_libdrive.o(i.GBK_LibFont_Test) refers to gbk_libdrive.o(i.DrawFontASC_GBK48B) for DrawFontASC_GBK48B
    gbk_libdrive.o(i.GBK_LibFont_Test) refers to gbk_libdrive.o(i.DrawFontASC_GBK64B) for DrawFontASC_GBK64B
    gbk_libdrive.o(i.GBK_Lib_GetHz) refers to gbk_libdrive.o(i.FontLib_Read) for FontLib_Read
    gbk_libdrive.o(i.GBK_Lib_Init) refers to stm32f10x_rcc.o(i.RCC_APB2PeriphClockCmd) for RCC_APB2PeriphClockCmd
    gbk_libdrive.o(i.GBK_Lib_Init) refers to stm32f10x_gpio.o(i.GPIO_Init) for GPIO_Init
    gbk_libdrive.o(i.GBK_Lib_Init) refers to stm32f10x_gpio.o(i.GPIO_SetBits) for GPIO_SetBits
    gbk_libdrive.o(i.GBK_Lib_Init) refers to gbk_libdrive.o(i.GBK_ReadID) for GBK_ReadID
    gbk_libdrive.o(i.GBK_ReadID) refers to lcd.o(i.LCD_Clear) for LCD_Clear
    gbk_libdrive.o(i.GBK_ReadID) refers to gbk_libdrive.o(i.FontLib_Read) for FontLib_Read
    gbk_libdrive.o(i.GBK_ReadID) refers to gbk_libdrive.o(i.DrawFont_GBK16B) for DrawFont_GBK16B
    gbk_libdrive.o(i.GBK_ReadID) refers to delay.o(i.delay_ms) for delay_ms
    gbk_libdrive.o(i.GBK_ShowASCII) refers to gbk_libdrive.o(i.GBK_GetASC_Point) for GBK_GetASC_Point
    gbk_libdrive.o(i.GBK_ShowASCII) refers to lcd.o(i.LCD_Fast_DrawPoint) for LCD_Fast_DrawPoint
    gbk_libdrive.o(i.GBK_Show_Font) refers to gbk_libdrive.o(i.GBK_Lib_GetHz) for GBK_Lib_GetHz
    gbk_libdrive.o(i.GBK_Show_Font) refers to lcd.o(i.LCD_Fast_DrawPoint) for LCD_Fast_DrawPoint
    gbk_libdrive.o(i.GBK_Show_Str) refers to gbk_libdrive.o(i.GBK_Show_Font) for GBK_Show_Font
    gbk_libdrive.o(i.GBK_Show_Str) refers to gbk_libdrive.o(i.GBK_ShowASCII) for GBK_ShowASCII
    gbk_libdrive.o(i.GBK_Show_StrMid) refers to strlen.o(.text) for strlen
    gbk_libdrive.o(i.GBK_Show_StrMid) refers to gbk_libdrive.o(i.GBK_Show_Str) for GBK_Show_Str
    gbk_libdrive.o(i.GBK_Show_StrMid) refers to lcd.o(.bss) for lcddev
    entry.o(.ARM.Collect$$$$00000000) refers (Special) to entry10a.o(.ARM.Collect$$$$0000000D) for __rt_final_cpp
    entry.o(.ARM.Collect$$$$00000000) refers (Special) to entry11a.o(.ARM.Collect$$$$0000000F) for __rt_final_exit
    entry.o(.ARM.Collect$$$$00000000) refers (Special) to entry7b.o(.ARM.Collect$$$$00000008) for _main_clock
    entry.o(.ARM.Collect$$$$00000000) refers (Special) to entry8b.o(.ARM.Collect$$$$0000000A) for _main_cpp_init
    entry.o(.ARM.Collect$$$$00000000) refers (Special) to entry9a.o(.ARM.Collect$$$$0000000B) for _main_init
    entry.o(.ARM.Collect$$$$00000000) refers (Special) to entry5.o(.ARM.Collect$$$$00000004) for _main_scatterload
    entry.o(.ARM.Collect$$$$00000000) refers (Special) to entry2.o(.ARM.Collect$$$$00000001) for _main_stk
    fmul.o(.text) refers (Special) to iusefp.o(.text) for __I$use$fp
    fdiv.o(.text) refers (Special) to iusefp.o(.text) for __I$use$fp
    fdiv.o(.text) refers to fepilogue.o(.text) for _float_round
    dadd.o(.text) refers (Special) to iusefp.o(.text) for __I$use$fp
    dadd.o(.text) refers to llshl.o(.text) for __aeabi_llsl
    dadd.o(.text) refers to llsshr.o(.text) for __aeabi_lasr
    dadd.o(.text) refers to depilogue.o(.text) for _double_epilogue
    dmul.o(.text) refers (Special) to iusefp.o(.text) for __I$use$fp
    dmul.o(.text) refers to depilogue.o(.text) for _double_epilogue
    ddiv.o(.text) refers (Special) to iusefp.o(.text) for __I$use$fp
    ddiv.o(.text) refers to depilogue.o(.text) for _double_round
    fflti.o(.text) refers (Special) to iusefp.o(.text) for __I$use$fp
    fflti.o(.text) refers to fepilogue.o(.text) for _float_epilogue
    ffltui.o(.text) refers (Special) to iusefp.o(.text) for __I$use$fp
    ffltui.o(.text) refers to fepilogue.o(.text) for _float_epilogue
    dflti.o(.text) refers (Special) to iusefp.o(.text) for __I$use$fp
    dflti.o(.text) refers to depilogue.o(.text) for _double_epilogue
    dfltui.o(.text) refers (Special) to iusefp.o(.text) for __I$use$fp
    dfltui.o(.text) refers to depilogue.o(.text) for _double_epilogue
    ffixi.o(.text) refers (Special) to iusefp.o(.text) for __I$use$fp
    dfixi.o(.text) refers (Special) to iusefp.o(.text) for __I$use$fp
    dfixi.o(.text) refers to llushr.o(.text) for __aeabi_llsr
    f2d.o(.text) refers (Special) to iusefp.o(.text) for __I$use$fp
    d2f.o(.text) refers (Special) to iusefp.o(.text) for __I$use$fp
    d2f.o(.text) refers to fepilogue.o(.text) for _float_round
    entry2.o(.ARM.Collect$$$$00000001) refers to entry2.o(.ARM.Collect$$$$00002712) for __lit__00000000
    entry2.o(.ARM.Collect$$$$00002712) refers to startup_stm32f10x_hd.o(STACK) for __initial_sp
    entry2.o(__vectab_stack_and_reset_area) refers to startup_stm32f10x_hd.o(STACK) for __initial_sp
    entry2.o(__vectab_stack_and_reset_area) refers to entry.o(.ARM.Collect$$$$00000000) for __main
    entry5.o(.ARM.Collect$$$$00000004) refers to init.o(.text) for __scatterload
    entry9a.o(.ARM.Collect$$$$0000000B) refers to main.o(i.main) for main
    entry9b.o(.ARM.Collect$$$$0000000C) refers to main.o(i.main) for main
    depilogue.o(.text) refers to llshl.o(.text) for __aeabi_llsl
    depilogue.o(.text) refers to llushr.o(.text) for __aeabi_llsr
    init.o(.text) refers to entry5.o(.ARM.Collect$$$$00000004) for __main_after_scatterload


==============================================================================

Removing Unused input sections from the image.

    Removing main.o(.bss), (12 bytes).
    Removing main.o(.data), (1 bytes).
    Removing main.o(.data), (4 bytes).
    Removing main.o(.data), (4 bytes).
    Removing main.o(.data), (4 bytes).
    Removing main.o(.data), (4 bytes).
    Removing main.o(.data), (4 bytes).
    Removing main.o(.data), (4 bytes).
    Removing main.o(.data), (4 bytes).
    Removing main.o(.data), (2 bytes).
    Removing system_stm32f10x.o(i.SystemCoreClockUpdate), (124 bytes).
    Removing key.o(i.KEY_Init), (60 bytes).
    Removing key.o(i.KEY_Scan), (168 bytes).
    Removing key.o(.data), (1 bytes).
    Removing lcd.o(i.Color_Test), (244 bytes).
    Removing lcd.o(i.Demo_Menu), (300 bytes).
    Removing lcd.o(i.DisplayButtonDown), (124 bytes).
    Removing lcd.o(i.DisplayButtonUp), (126 bytes).
    Removing lcd.o(i.Draw_Test), (110 bytes).
    Removing lcd.o(i.Font_Test), (336 bytes).
    Removing lcd.o(i.LCD_BGR2RGB), (18 bytes).
    Removing lcd.o(i.LCD_Color_Fill), (88 bytes).
    Removing lcd.o(i.LCD_DisplayOff), (24 bytes).
    Removing lcd.o(i.LCD_DisplayOn), (24 bytes).
    Removing lcd.o(i.LCD_DrawLine), (154 bytes).
    Removing lcd.o(i.LCD_DrawPoint), (28 bytes).
    Removing lcd.o(i.LCD_DrawRectangle), (74 bytes).
    Removing lcd.o(i.LCD_Draw_Circle), (200 bytes).
    Removing lcd.o(i.LCD_ReadPoint), (124 bytes).
    Removing lcd.o(i.LCD_ShowxNum), (162 bytes).
    Removing lcd.o(i.LCD_WriteRAM), (12 bytes).
    Removing lcd.o(i.opt_delay), (8 bytes).
    Removing lcd.o(.conststring), (65 bytes).
    Removing lcd.o(.data), (2 bytes).
    Removing lcd.o(.data), (2 bytes).
    Removing picture.o(.constdata), (153600 bytes).
    Removing text.o(i.Copy_HZK16), (64 bytes).
    Removing text.o(i.Copy_HZK24), (68 bytes).
    Removing text.o(i.Copy_Mem), (22 bytes).
    Removing text.o(i.Draw_Font16B), (48 bytes).
    Removing text.o(i.Draw_Font24B), (48 bytes).
    Removing text.o(i.Get_HzMat), (80 bytes).
    Removing text.o(i.Show_Font), (168 bytes).
    Removing text.o(i.Show_Str), (180 bytes).
    Removing dis_picture.o(i.Show_Picture), (128 bytes).
    Removing font.o(.constdata), (2006 bytes).
    Removing font.o(.constdata), (740 bytes).
    Removing adc.o(i.Adc_Init), (136 bytes).
    Removing adc.o(i.Get_Adc), (52 bytes).
    Removing adc.o(i.Get_Adc_Average), (46 bytes).
    Removing sys.o(.emb_text), (6 bytes).
    Removing sys.o(i.INTX_DISABLE), (4 bytes).
    Removing sys.o(i.INTX_ENABLE), (4 bytes).
    Removing sys.o(i.WFI_SET), (4 bytes).
    Removing usart.o(i._sys_exit), (2 bytes).
    Removing usart.o(i.fputc), (24 bytes).
    Removing usart.o(.bss), (200 bytes).
    Removing usart.o(.data), (1 bytes).
    Removing usart.o(.data), (4 bytes).
    Removing core_cm3.o(.emb_text), (32 bytes).
    Removing startup_stm32f10x_hd.o(HEAP), (512 bytes).
    Removing misc.o(i.NVIC_SetVectorTable), (20 bytes).
    Removing misc.o(i.NVIC_SystemLPConfig), (28 bytes).
    Removing stm32f10x_fsmc.o(i.FSMC_ClearFlag), (42 bytes).
    Removing stm32f10x_fsmc.o(i.FSMC_ClearITPendingBit), (48 bytes).
    Removing stm32f10x_fsmc.o(i.FSMC_GetECC), (18 bytes).
    Removing stm32f10x_fsmc.o(i.FSMC_GetFlagStatus), (40 bytes).
    Removing stm32f10x_fsmc.o(i.FSMC_GetITStatus), (52 bytes).
    Removing stm32f10x_fsmc.o(i.FSMC_ITConfig), (86 bytes).
    Removing stm32f10x_fsmc.o(i.FSMC_NANDCmd), (64 bytes).
    Removing stm32f10x_fsmc.o(i.FSMC_NANDDeInit), (40 bytes).
    Removing stm32f10x_fsmc.o(i.FSMC_NANDECCCmd), (64 bytes).
    Removing stm32f10x_fsmc.o(i.FSMC_NANDInit), (104 bytes).
    Removing stm32f10x_fsmc.o(i.FSMC_NANDStructInit), (54 bytes).
    Removing stm32f10x_fsmc.o(i.FSMC_NORSRAMDeInit), (48 bytes).
    Removing stm32f10x_fsmc.o(i.FSMC_NORSRAMStructInit), (98 bytes).
    Removing stm32f10x_fsmc.o(i.FSMC_PCCARDCmd), (36 bytes).
    Removing stm32f10x_fsmc.o(i.FSMC_PCCARDDeInit), (28 bytes).
    Removing stm32f10x_fsmc.o(i.FSMC_PCCARDInit), (104 bytes).
    Removing stm32f10x_fsmc.o(i.FSMC_PCCARDStructInit), (60 bytes).
    Removing stm32f10x_gpio.o(i.GPIO_AFIODeInit), (22 bytes).
    Removing stm32f10x_gpio.o(i.GPIO_DeInit), (216 bytes).
    Removing stm32f10x_gpio.o(i.GPIO_ETH_MediaInterfaceConfig), (12 bytes).
    Removing stm32f10x_gpio.o(i.GPIO_EXTILineConfig), (40 bytes).
    Removing stm32f10x_gpio.o(i.GPIO_EventOutputCmd), (12 bytes).
    Removing stm32f10x_gpio.o(i.GPIO_EventOutputConfig), (28 bytes).
    Removing stm32f10x_gpio.o(i.GPIO_PinLockConfig), (16 bytes).
    Removing stm32f10x_gpio.o(i.GPIO_PinRemapConfig), (92 bytes).
    Removing stm32f10x_gpio.o(i.GPIO_ReadInputData), (6 bytes).
    Removing stm32f10x_gpio.o(i.GPIO_ReadInputDataBit), (14 bytes).
    Removing stm32f10x_gpio.o(i.GPIO_ReadOutputData), (6 bytes).
    Removing stm32f10x_gpio.o(i.GPIO_ReadOutputDataBit), (14 bytes).
    Removing stm32f10x_gpio.o(i.GPIO_ResetBits), (4 bytes).
    Removing stm32f10x_gpio.o(i.GPIO_StructInit), (16 bytes).
    Removing stm32f10x_gpio.o(i.GPIO_Write), (4 bytes).
    Removing stm32f10x_gpio.o(i.GPIO_WriteBit), (12 bytes).
    Removing stm32f10x_rcc.o(i.RCC_ADCCLKConfig), (20 bytes).
    Removing stm32f10x_rcc.o(i.RCC_APB1PeriphClockCmd), (28 bytes).
    Removing stm32f10x_rcc.o(i.RCC_APB1PeriphResetCmd), (28 bytes).
    Removing stm32f10x_rcc.o(i.RCC_APB2PeriphResetCmd), (28 bytes).
    Removing stm32f10x_rcc.o(i.RCC_AdjustHSICalibrationValue), (20 bytes).
    Removing stm32f10x_rcc.o(i.RCC_BackupResetCmd), (12 bytes).
    Removing stm32f10x_rcc.o(i.RCC_ClearFlag), (16 bytes).
    Removing stm32f10x_rcc.o(i.RCC_ClearITPendingBit), (12 bytes).
    Removing stm32f10x_rcc.o(i.RCC_ClockSecuritySystemCmd), (12 bytes).
    Removing stm32f10x_rcc.o(i.RCC_DeInit), (64 bytes).
    Removing stm32f10x_rcc.o(i.RCC_GetFlagStatus), (48 bytes).
    Removing stm32f10x_rcc.o(i.RCC_GetITStatus), (20 bytes).
    Removing stm32f10x_rcc.o(i.RCC_GetSYSCLKSource), (16 bytes).
    Removing stm32f10x_rcc.o(i.RCC_HCLKConfig), (20 bytes).
    Removing stm32f10x_rcc.o(i.RCC_HSEConfig), (56 bytes).
    Removing stm32f10x_rcc.o(i.RCC_HSICmd), (12 bytes).
    Removing stm32f10x_rcc.o(i.RCC_ITConfig), (28 bytes).
    Removing stm32f10x_rcc.o(i.RCC_LSEConfig), (40 bytes).
    Removing stm32f10x_rcc.o(i.RCC_LSICmd), (12 bytes).
    Removing stm32f10x_rcc.o(i.RCC_MCOConfig), (12 bytes).
    Removing stm32f10x_rcc.o(i.RCC_PCLK1Config), (20 bytes).
    Removing stm32f10x_rcc.o(i.RCC_PCLK2Config), (20 bytes).
    Removing stm32f10x_rcc.o(i.RCC_PLLCmd), (12 bytes).
    Removing stm32f10x_rcc.o(i.RCC_PLLConfig), (20 bytes).
    Removing stm32f10x_rcc.o(i.RCC_RTCCLKCmd), (12 bytes).
    Removing stm32f10x_rcc.o(i.RCC_RTCCLKConfig), (16 bytes).
    Removing stm32f10x_rcc.o(i.RCC_SYSCLKConfig), (20 bytes).
    Removing stm32f10x_rcc.o(i.RCC_USBCLKConfig), (12 bytes).
    Removing stm32f10x_rcc.o(i.RCC_WaitForHSEStartUp), (48 bytes).
    Removing stm32f10x_usart.o(i.USART_ClearFlag), (8 bytes).
    Removing stm32f10x_usart.o(i.USART_ClearITPendingBit), (16 bytes).
    Removing stm32f10x_usart.o(i.USART_ClockInit), (30 bytes).
    Removing stm32f10x_usart.o(i.USART_ClockStructInit), (12 bytes).
    Removing stm32f10x_usart.o(i.USART_DMACmd), (20 bytes).
    Removing stm32f10x_usart.o(i.USART_DeInit), (164 bytes).
    Removing stm32f10x_usart.o(i.USART_GetFlagStatus), (14 bytes).
    Removing stm32f10x_usart.o(i.USART_HalfDuplexCmd), (24 bytes).
    Removing stm32f10x_usart.o(i.USART_IrDACmd), (24 bytes).
    Removing stm32f10x_usart.o(i.USART_IrDAConfig), (16 bytes).
    Removing stm32f10x_usart.o(i.USART_LINBreakDetectLengthConfig), (16 bytes).
    Removing stm32f10x_usart.o(i.USART_LINCmd), (24 bytes).
    Removing stm32f10x_usart.o(i.USART_OneBitMethodCmd), (24 bytes).
    Removing stm32f10x_usart.o(i.USART_OverSampling8Cmd), (24 bytes).
    Removing stm32f10x_usart.o(i.USART_ReceiverWakeUpCmd), (24 bytes).
    Removing stm32f10x_usart.o(i.USART_SendBreak), (10 bytes).
    Removing stm32f10x_usart.o(i.USART_SendData), (8 bytes).
    Removing stm32f10x_usart.o(i.USART_SetAddress), (16 bytes).
    Removing stm32f10x_usart.o(i.USART_SetGuardTime), (16 bytes).
    Removing stm32f10x_usart.o(i.USART_SetPrescaler), (16 bytes).
    Removing stm32f10x_usart.o(i.USART_SmartCardCmd), (24 bytes).
    Removing stm32f10x_usart.o(i.USART_SmartCardNACKCmd), (24 bytes).
    Removing stm32f10x_usart.o(i.USART_StructInit), (22 bytes).
    Removing stm32f10x_usart.o(i.USART_WakeUpConfig), (16 bytes).
    Removing stm32f10x_adc.o(i.ADC_AnalogWatchdogCmd), (16 bytes).
    Removing stm32f10x_adc.o(i.ADC_AnalogWatchdogSingleChannelConfig), (12 bytes).
    Removing stm32f10x_adc.o(i.ADC_AnalogWatchdogThresholdsConfig), (6 bytes).
    Removing stm32f10x_adc.o(i.ADC_AutoInjectedConvCmd), (24 bytes).
    Removing stm32f10x_adc.o(i.ADC_ClearFlag), (6 bytes).
    Removing stm32f10x_adc.o(i.ADC_ClearITPendingBit), (8 bytes).
    Removing stm32f10x_adc.o(i.ADC_Cmd), (24 bytes).
    Removing stm32f10x_adc.o(i.ADC_DMACmd), (24 bytes).
    Removing stm32f10x_adc.o(i.ADC_DeInit), (100 bytes).
    Removing stm32f10x_adc.o(i.ADC_DiscModeChannelCountConfig), (16 bytes).
    Removing stm32f10x_adc.o(i.ADC_DiscModeCmd), (24 bytes).
    Removing stm32f10x_adc.o(i.ADC_ExternalTrigConvCmd), (24 bytes).
    Removing stm32f10x_adc.o(i.ADC_ExternalTrigInjectedConvCmd), (24 bytes).
    Removing stm32f10x_adc.o(i.ADC_ExternalTrigInjectedConvConfig), (12 bytes).
    Removing stm32f10x_adc.o(i.ADC_GetCalibrationStatus), (14 bytes).
    Removing stm32f10x_adc.o(i.ADC_GetConversionValue), (6 bytes).
    Removing stm32f10x_adc.o(i.ADC_GetDualModeConversionValue), (12 bytes).
    Removing stm32f10x_adc.o(i.ADC_GetFlagStatus), (14 bytes).
    Removing stm32f10x_adc.o(i.ADC_GetITStatus), (28 bytes).
    Removing stm32f10x_adc.o(i.ADC_GetInjectedConversionValue), (20 bytes).
    Removing stm32f10x_adc.o(i.ADC_GetResetCalibrationStatus), (14 bytes).
    Removing stm32f10x_adc.o(i.ADC_GetSoftwareStartConvStatus), (14 bytes).
    Removing stm32f10x_adc.o(i.ADC_GetSoftwareStartInjectedConvCmdStatus), (14 bytes).
    Removing stm32f10x_adc.o(i.ADC_ITConfig), (22 bytes).
    Removing stm32f10x_adc.o(i.ADC_Init), (72 bytes).
    Removing stm32f10x_adc.o(i.ADC_InjectedChannelConfig), (74 bytes).
    Removing stm32f10x_adc.o(i.ADC_InjectedDiscModeCmd), (24 bytes).
    Removing stm32f10x_adc.o(i.ADC_InjectedSequencerLengthConfig), (16 bytes).
    Removing stm32f10x_adc.o(i.ADC_RegularChannelConfig), (116 bytes).
    Removing stm32f10x_adc.o(i.ADC_ResetCalibration), (10 bytes).
    Removing stm32f10x_adc.o(i.ADC_SetInjectedOffset), (16 bytes).
    Removing stm32f10x_adc.o(i.ADC_SoftwareStartConvCmd), (24 bytes).
    Removing stm32f10x_adc.o(i.ADC_SoftwareStartInjectedConvCmd), (24 bytes).
    Removing stm32f10x_adc.o(i.ADC_StartCalibration), (10 bytes).
    Removing stm32f10x_adc.o(i.ADC_StructInit), (18 bytes).
    Removing stm32f10x_adc.o(i.ADC_TempSensorVrefintCmd), (32 bytes).
    Removing gbk_libdrive.o(i.DrawFontASC_GBK48B), (60 bytes).
    Removing gbk_libdrive.o(i.DrawFontASC_GBK64B), (60 bytes).
    Removing gbk_libdrive.o(i.DrawFont_GBK12B), (60 bytes).
    Removing gbk_libdrive.o(i.DrawFont_GBK16B), (60 bytes).
    Removing gbk_libdrive.o(i.DrawFont_GBK24B), (60 bytes).
    Removing gbk_libdrive.o(i.DrawFont_GBK32B), (60 bytes).
    Removing gbk_libdrive.o(i.FontLib_Read), (104 bytes).
    Removing gbk_libdrive.o(i.Font_SPI_WR), (104 bytes).
    Removing gbk_libdrive.o(i.GBK_GetASC_Point), (116 bytes).
    Removing gbk_libdrive.o(i.GBK_LibFont_Test), (476 bytes).
    Removing gbk_libdrive.o(i.GBK_Lib_GetHz), (136 bytes).
    Removing gbk_libdrive.o(i.GBK_Lib_Init), (104 bytes).
    Removing gbk_libdrive.o(i.GBK_ReadID), (134 bytes).
    Removing gbk_libdrive.o(i.GBK_ShowASCII), (170 bytes).
    Removing gbk_libdrive.o(i.GBK_Show_Font), (160 bytes).
    Removing gbk_libdrive.o(i.GBK_Show_Str), (190 bytes).
    Removing gbk_libdrive.o(i.GBK_Show_StrMid), (104 bytes).
    Removing gbk_libdrive.o(i.GBK_delay), (24 bytes).

203 unused section(s) (total 166720 bytes) removed from the image.

==============================================================================

Image Symbol Table

    Local Symbols

    Symbol Name                              Value     Ov Type        Size  Object(Section)

    ../clib/microlib/init/entry.s            0x00000000   Number         0  entry10b.o ABSOLUTE
    ../clib/microlib/init/entry.s            0x00000000   Number         0  entry11a.o ABSOLUTE
    ../clib/microlib/init/entry.s            0x00000000   Number         0  entry7a.o ABSOLUTE
    ../clib/microlib/init/entry.s            0x00000000   Number         0  entry5.o ABSOLUTE
    ../clib/microlib/init/entry.s            0x00000000   Number         0  entry2.o ABSOLUTE
    ../clib/microlib/init/entry.s            0x00000000   Number         0  entry11b.o ABSOLUTE
    ../clib/microlib/init/entry.s            0x00000000   Number         0  entry7b.o ABSOLUTE
    ../clib/microlib/init/entry.s            0x00000000   Number         0  entry.o ABSOLUTE
    ../clib/microlib/init/entry.s            0x00000000   Number         0  entry10a.o ABSOLUTE
    ../clib/microlib/init/entry.s            0x00000000   Number         0  entry9b.o ABSOLUTE
    ../clib/microlib/init/entry.s            0x00000000   Number         0  entry9a.o ABSOLUTE
    ../clib/microlib/init/entry.s            0x00000000   Number         0  entry8b.o ABSOLUTE
    ../clib/microlib/init/entry.s            0x00000000   Number         0  entry8a.o ABSOLUTE
    ../clib/microlib/longlong.c              0x00000000   Number         0  llshl.o ABSOLUTE
    ../clib/microlib/longlong.c              0x00000000   Number         0  llushr.o ABSOLUTE
    ../clib/microlib/longlong.c              0x00000000   Number         0  llsshr.o ABSOLUTE
    ../clib/microlib/string/strlen.c         0x00000000   Number         0  strlen.o ABSOLUTE
    ../clib/microlib/stubs.s                 0x00000000   Number         0  useno.o ABSOLUTE
    ../clib/microlib/stubs.s                 0x00000000   Number         0  iusefp.o ABSOLUTE
    ../fplib/microlib/d2f.c                  0x00000000   Number         0  d2f.o ABSOLUTE
    ../fplib/microlib/f2d.c                  0x00000000   Number         0  f2d.o ABSOLUTE
    ../fplib/microlib/fpadd.c                0x00000000   Number         0  dadd.o ABSOLUTE
    ../fplib/microlib/fpdiv.c                0x00000000   Number         0  ddiv.o ABSOLUTE
    ../fplib/microlib/fpdiv.c                0x00000000   Number         0  fdiv.o ABSOLUTE
    ../fplib/microlib/fpepilogue.c           0x00000000   Number         0  fepilogue.o ABSOLUTE
    ../fplib/microlib/fpepilogue.c           0x00000000   Number         0  depilogue.o ABSOLUTE
    ../fplib/microlib/fpfix.c                0x00000000   Number         0  dfixi.o ABSOLUTE
    ../fplib/microlib/fpfix.c                0x00000000   Number         0  ffixi.o ABSOLUTE
    ../fplib/microlib/fpflt.c                0x00000000   Number         0  ffltui.o ABSOLUTE
    ../fplib/microlib/fpflt.c                0x00000000   Number         0  fflti.o ABSOLUTE
    ../fplib/microlib/fpflt.c                0x00000000   Number         0  dflti.o ABSOLUTE
    ../fplib/microlib/fpflt.c                0x00000000   Number         0  dfltui.o ABSOLUTE
    ../fplib/microlib/fpmul.c                0x00000000   Number         0  dmul.o ABSOLUTE
    ../fplib/microlib/fpmul.c                0x00000000   Number         0  fmul.o ABSOLUTE
    ..\CORE\core_cm3.c                       0x00000000   Number         0  core_cm3.o ABSOLUTE
    ..\CORE\startup_stm32f10x_hd.s           0x00000000   Number         0  startup_stm32f10x_hd.o ABSOLUTE
    ..\HARDWARE\ADC\adc.c                    0x00000000   Number         0  adc.o ABSOLUTE
    ..\HARDWARE\GBK_LibDrive\GBK_LibDrive.c  0x00000000   Number         0  gbk_libdrive.o ABSOLUTE
    ..\HARDWARE\KEY\key.c                    0x00000000   Number         0  key.o ABSOLUTE
    ..\HARDWARE\LCD\Dis_Picture.c            0x00000000   Number         0  dis_picture.o ABSOLUTE
    ..\HARDWARE\LCD\FONT.c                   0x00000000   Number         0  font.o ABSOLUTE
    ..\HARDWARE\LCD\Picture.c                0x00000000   Number         0  picture.o ABSOLUTE
    ..\HARDWARE\LCD\Text.c                   0x00000000   Number         0  text.o ABSOLUTE
    ..\HARDWARE\LCD\lcd.c                    0x00000000   Number         0  lcd.o ABSOLUTE
    ..\HARDWARE\LED\led.c                    0x00000000   Number         0  led.o ABSOLUTE
    ..\STM32F10x_FWLib\src\misc.c            0x00000000   Number         0  misc.o ABSOLUTE
    ..\STM32F10x_FWLib\src\stm32f10x_adc.c   0x00000000   Number         0  stm32f10x_adc.o ABSOLUTE
    ..\STM32F10x_FWLib\src\stm32f10x_fsmc.c  0x00000000   Number         0  stm32f10x_fsmc.o ABSOLUTE
    ..\STM32F10x_FWLib\src\stm32f10x_gpio.c  0x00000000   Number         0  stm32f10x_gpio.o ABSOLUTE
    ..\STM32F10x_FWLib\src\stm32f10x_rcc.c   0x00000000   Number         0  stm32f10x_rcc.o ABSOLUTE
    ..\STM32F10x_FWLib\src\stm32f10x_usart.c 0x00000000   Number         0  stm32f10x_usart.o ABSOLUTE
    ..\SYSTEM\delay\delay.c                  0x00000000   Number         0  delay.o ABSOLUTE
    ..\SYSTEM\sys\sys.c                      0x00000000   Number         0  sys.o ABSOLUTE
    ..\SYSTEM\usart\usart.c                  0x00000000   Number         0  usart.o ABSOLUTE
    ..\\CORE\\core_cm3.c                     0x00000000   Number         0  core_cm3.o ABSOLUTE
    ..\\SYSTEM\\sys\\sys.c                   0x00000000   Number         0  sys.o ABSOLUTE
    dc.s                                     0x00000000   Number         0  dc.o ABSOLUTE
    handlers.s                               0x00000000   Number         0  handlers.o ABSOLUTE
    init.s                                   0x00000000   Number         0  init.o ABSOLUTE
    main.c                                   0x00000000   Number         0  main.o ABSOLUTE
    stm32f10x_it.c                           0x00000000   Number         0  stm32f10x_it.o ABSOLUTE
    system_stm32f10x.c                       0x00000000   Number         0  system_stm32f10x.o ABSOLUTE
    RESET                                    0x08000000   Section      304  startup_stm32f10x_hd.o(RESET)
    .ARM.Collect$$$$00000000                 0x08000130   Section        0  entry.o(.ARM.Collect$$$$00000000)
    .ARM.Collect$$$$00000001                 0x08000130   Section        4  entry2.o(.ARM.Collect$$$$00000001)
    .ARM.Collect$$$$00000004                 0x08000134   Section        4  entry5.o(.ARM.Collect$$$$00000004)
    .ARM.Collect$$$$00000008                 0x08000138   Section        0  entry7b.o(.ARM.Collect$$$$00000008)
    .ARM.Collect$$$$0000000A                 0x08000138   Section        0  entry8b.o(.ARM.Collect$$$$0000000A)
    .ARM.Collect$$$$0000000B                 0x08000138   Section        8  entry9a.o(.ARM.Collect$$$$0000000B)
    .ARM.Collect$$$$0000000D                 0x08000140   Section        0  entry10a.o(.ARM.Collect$$$$0000000D)
    .ARM.Collect$$$$0000000F                 0x08000140   Section        0  entry11a.o(.ARM.Collect$$$$0000000F)
    .ARM.Collect$$$$00002712                 0x08000140   Section        4  entry2.o(.ARM.Collect$$$$00002712)
    __lit__00000000                          0x08000140   Data           4  entry2.o(.ARM.Collect$$$$00002712)
    .text                                    0x08000144   Section       36  startup_stm32f10x_hd.o(.text)
    .text                                    0x08000168   Section        0  fmul.o(.text)
    .text                                    0x080001cc   Section        0  fdiv.o(.text)
    .text                                    0x08000248   Section        0  dadd.o(.text)
    .text                                    0x08000396   Section        0  dmul.o(.text)
    .text                                    0x0800047a   Section        0  ddiv.o(.text)
    .text                                    0x08000558   Section        0  fflti.o(.text)
    .text                                    0x0800056a   Section        0  ffltui.o(.text)
    .text                                    0x08000574   Section        0  dflti.o(.text)
    .text                                    0x08000596   Section        0  dfltui.o(.text)
    .text                                    0x080005b0   Section        0  ffixi.o(.text)
    .text                                    0x080005e2   Section        0  dfixi.o(.text)
    .text                                    0x08000620   Section        0  f2d.o(.text)
    .text                                    0x08000646   Section        0  d2f.o(.text)
    .text                                    0x0800067e   Section        0  llshl.o(.text)
    .text                                    0x0800069c   Section        0  llushr.o(.text)
    .text                                    0x080006bc   Section        0  llsshr.o(.text)
    .text                                    0x080006e0   Section        0  fepilogue.o(.text)
    .text                                    0x080006e0   Section        0  iusefp.o(.text)
    .text                                    0x0800074e   Section        0  depilogue.o(.text)
    .text                                    0x08000808   Section       36  init.o(.text)
    i.BusFault_Handler                       0x0800082c   Section        0  stm32f10x_it.o(i.BusFault_Handler)
    i.DebugMon_Handler                       0x0800082e   Section        0  stm32f10x_it.o(i.DebugMon_Handler)
    i.FSMC_NORSRAMCmd                        0x08000830   Section        0  stm32f10x_fsmc.o(i.FSMC_NORSRAMCmd)
    i.FSMC_NORSRAMInit                       0x08000854   Section        0  stm32f10x_fsmc.o(i.FSMC_NORSRAMInit)
    i.GPIO_Init                              0x0800091e   Section        0  stm32f10x_gpio.o(i.GPIO_Init)
    i.GPIO_SetBits                           0x080009c4   Section        0  stm32f10x_gpio.o(i.GPIO_SetBits)
    i.HardFault_Handler                      0x080009c8   Section        0  stm32f10x_it.o(i.HardFault_Handler)
    i.LCD_Clear                              0x080009cc   Section        0  lcd.o(i.LCD_Clear)
    i.LCD_Display_Dir                        0x08000a08   Section        0  lcd.o(i.LCD_Display_Dir)
    i.LCD_Fast_DrawPoint                     0x08000a8c   Section        0  lcd.o(i.LCD_Fast_DrawPoint)
    i.LCD_Fill                               0x08000ad8   Section        0  lcd.o(i.LCD_Fill)
    i.LCD_Init                               0x08000b1c   Section        0  lcd.o(i.LCD_Init)
    i.LCD_Pow                                0x08000e9c   Section        0  lcd.o(i.LCD_Pow)
    i.LCD_RD_DATA                            0x08000eac   Section        0  lcd.o(i.LCD_RD_DATA)
    i.LCD_ReadReg                            0x08000ec0   Section        0  lcd.o(i.LCD_ReadReg)
    i.LCD_Scan_Dir                           0x08000ed4   Section        0  lcd.o(i.LCD_Scan_Dir)
    i.LCD_SetCursor                          0x08000f74   Section        0  lcd.o(i.LCD_SetCursor)
    i.LCD_Set_Window                         0x08000fb4   Section        0  lcd.o(i.LCD_Set_Window)
    i.LCD_ShowChar                           0x08001018   Section        0  lcd.o(i.LCD_ShowChar)
    i.LCD_ShowNum                            0x080010f4   Section        0  lcd.o(i.LCD_ShowNum)
    i.LCD_ShowString                         0x08001170   Section        0  lcd.o(i.LCD_ShowString)
    i.LCD_WR_DATA                            0x080011c4   Section        0  lcd.o(i.LCD_WR_DATA)
    i.LCD_WR_REG                             0x080011d0   Section        0  lcd.o(i.LCD_WR_REG)
    i.LCD_WriteRAM_Prepare                   0x080011dc   Section        0  lcd.o(i.LCD_WriteRAM_Prepare)
    i.LCD_WriteReg                           0x080011f0   Section        0  lcd.o(i.LCD_WriteReg)
    i.LED_Init                               0x08001200   Section        0  led.o(i.LED_Init)
    i.MemManage_Handler                      0x08001250   Section        0  stm32f10x_it.o(i.MemManage_Handler)
    i.NMI_Handler                            0x08001252   Section        0  stm32f10x_it.o(i.NMI_Handler)
    i.NVIC_Init                              0x08001254   Section        0  misc.o(i.NVIC_Init)
    i.NVIC_PriorityGroupConfig               0x080012b8   Section        0  misc.o(i.NVIC_PriorityGroupConfig)
    i.PendSV_Handler                         0x080012cc   Section        0  stm32f10x_it.o(i.PendSV_Handler)
    i.RCC_AHBPeriphClockCmd                  0x080012d0   Section        0  stm32f10x_rcc.o(i.RCC_AHBPeriphClockCmd)
    i.RCC_APB2PeriphClockCmd                 0x080012ec   Section        0  stm32f10x_rcc.o(i.RCC_APB2PeriphClockCmd)
    i.RCC_GetClocksFreq                      0x08001308   Section        0  stm32f10x_rcc.o(i.RCC_GetClocksFreq)
    i.SVC_Handler                            0x080013b4   Section        0  stm32f10x_it.o(i.SVC_Handler)
    i.SetSysClock                            0x080013b6   Section        0  system_stm32f10x.o(i.SetSysClock)
    SetSysClock                              0x080013b7   Thumb Code     4  system_stm32f10x.o(i.SetSysClock)
    i.SetSysClockTo72                        0x080013bc   Section        0  system_stm32f10x.o(i.SetSysClockTo72)
    SetSysClockTo72                          0x080013bd   Thumb Code   166  system_stm32f10x.o(i.SetSysClockTo72)
    i.SysTick_CLKSourceConfig                0x0800146c   Section        0  misc.o(i.SysTick_CLKSourceConfig)
    i.SysTick_Handler                        0x08001488   Section        0  stm32f10x_it.o(i.SysTick_Handler)
    i.SystemInit                             0x0800148c   Section        0  system_stm32f10x.o(i.SystemInit)
    i.USART1_IRQHandler                      0x080014dc   Section        0  usart.o(i.USART1_IRQHandler)
    i.USART_Cmd                              0x08001544   Section        0  stm32f10x_usart.o(i.USART_Cmd)
    i.USART_GetITStatus                      0x0800155c   Section        0  stm32f10x_usart.o(i.USART_GetITStatus)
    i.USART_ITConfig                         0x0800159c   Section        0  stm32f10x_usart.o(i.USART_ITConfig)
    i.USART_Init                             0x080015d4   Section        0  stm32f10x_usart.o(i.USART_Init)
    i.USART_ReceiveData                      0x08001690   Section        0  stm32f10x_usart.o(i.USART_ReceiveData)
    i.UsageFault_Handler                     0x08001698   Section        0  stm32f10x_it.o(i.UsageFault_Handler)
    i.__scatterload_copy                     0x0800169a   Section       14  handlers.o(i.__scatterload_copy)
    i.__scatterload_null                     0x080016a8   Section        2  handlers.o(i.__scatterload_null)
    i.__scatterload_zeroinit                 0x080016aa   Section       14  handlers.o(i.__scatterload_zeroinit)
    i.big_point                              0x080016b8   Section        0  main.o(i.big_point)
    i.delay_init                             0x08001700   Section        0  delay.o(i.delay_init)
    i.delay_ms                               0x08001738   Section        0  delay.o(i.delay_ms)
    i.delay_us                               0x0800176c   Section        0  delay.o(i.delay_us)
    i.main                                   0x080017a0   Section        0  main.o(i.main)
    i.uart_init                              0x080020d8   Section        0  usart.o(i.uart_init)
    .constdata                               0x08002178   Section     1140  font.o(.constdata)
    .constdata                               0x080025ec   Section     1520  font.o(.constdata)
    .constdata                               0x08002bdc   Section     3420  font.o(.constdata)
    .data                                    0x20000000   Section      108  main.o(.data)
    .data                                    0x2000006c   Section       20  system_stm32f10x.o(.data)
    .data                                    0x20000080   Section        4  lcd.o(.data)
    .data                                    0x20000084   Section        4  delay.o(.data)
    fac_us                                   0x20000084   Data           2  delay.o(.data)
    fac_ms                                   0x20000086   Data           2  delay.o(.data)
    .data                                    0x20000088   Section        2  usart.o(.data)
    .data                                    0x2000008a   Section       20  stm32f10x_rcc.o(.data)
    ADCPrescTable                            0x2000008a   Data           4  stm32f10x_rcc.o(.data)
    APBAHBPrescTable                         0x2000008e   Data          16  stm32f10x_rcc.o(.data)
    .bss                                     0x200000a0   Section    16040  main.o(.bss)
    .bss                                     0x20003f48   Section       14  lcd.o(.bss)
    .bss                                     0x20003f56   Section       24  usart.o(.bss)
    STACK                                    0x20003f70   Section     1024  startup_stm32f10x_hd.o(STACK)

    Global Symbols

    Symbol Name                              Value     Ov Type        Size  Object(Section)

    BuildAttributes$$THM_ISAv4$P$D$K$B$S$PE$A:L22UL41UL21$X:L11$S22US41US21$IEEE1$IW$USESV6$~STKCKD$USESV7$~SHL$OTIME$ROPI$EBA8$MICROLIB$REQ8$PRES8$EABIv2 0x00000000   Number         0  anon$$obj.o ABSOLUTE
    __ARM_use_no_argv                        0x00000000   Number         0  main.o ABSOLUTE
    __use_no_errno                           0x00000000   Number         0  useno.o ABSOLUTE
    __use_no_exception_handling              0x00000000   Number         0  useno.o ABSOLUTE
    __use_no_fp                              0x00000000   Number         0  useno.o ABSOLUTE
    __use_no_heap                            0x00000000   Number         0  useno.o ABSOLUTE
    __use_no_heap_region                     0x00000000   Number         0  useno.o ABSOLUTE
    __use_no_semihosting                     0x00000000   Number         0  useno.o ABSOLUTE
    __use_no_semihosting_swi                 0x00000000   Number         0  useno.o ABSOLUTE
    __use_no_signal_handling                 0x00000000   Number         0  useno.o ABSOLUTE
    __cpp_initialize__aeabi_                  - Undefined Weak Reference
    __cxa_finalize                            - Undefined Weak Reference
    __decompress                              - Undefined Weak Reference
    _clock_init                               - Undefined Weak Reference
    _microlib_exit                            - Undefined Weak Reference
    __Vectors_Size                           0x00000130   Number         0  startup_stm32f10x_hd.o ABSOLUTE
    __Vectors                                0x08000000   Data           4  startup_stm32f10x_hd.o(RESET)
    __Vectors_End                            0x08000130   Data           0  startup_stm32f10x_hd.o(RESET)
    __main                                   0x08000131   Thumb Code     0  entry.o(.ARM.Collect$$$$00000000)
    _main_stk                                0x08000131   Thumb Code     0  entry2.o(.ARM.Collect$$$$00000001)
    _main_scatterload                        0x08000135   Thumb Code     0  entry5.o(.ARM.Collect$$$$00000004)
    __main_after_scatterload                 0x08000139   Thumb Code     0  entry5.o(.ARM.Collect$$$$00000004)
    _main_clock                              0x08000139   Thumb Code     0  entry7b.o(.ARM.Collect$$$$00000008)
    _main_cpp_init                           0x08000139   Thumb Code     0  entry8b.o(.ARM.Collect$$$$0000000A)
    _main_init                               0x08000139   Thumb Code     0  entry9a.o(.ARM.Collect$$$$0000000B)
    __rt_final_cpp                           0x08000141   Thumb Code     0  entry10a.o(.ARM.Collect$$$$0000000D)
    __rt_final_exit                          0x08000141   Thumb Code     0  entry11a.o(.ARM.Collect$$$$0000000F)
    Reset_Handler                            0x08000145   Thumb Code     8  startup_stm32f10x_hd.o(.text)
    ADC1_2_IRQHandler                        0x0800015f   Thumb Code     0  startup_stm32f10x_hd.o(.text)
    ADC3_IRQHandler                          0x0800015f   Thumb Code     0  startup_stm32f10x_hd.o(.text)
    CAN1_RX1_IRQHandler                      0x0800015f   Thumb Code     0  startup_stm32f10x_hd.o(.text)
    CAN1_SCE_IRQHandler                      0x0800015f   Thumb Code     0  startup_stm32f10x_hd.o(.text)
    DMA1_Channel1_IRQHandler                 0x0800015f   Thumb Code     0  startup_stm32f10x_hd.o(.text)
    DMA1_Channel2_IRQHandler                 0x0800015f   Thumb Code     0  startup_stm32f10x_hd.o(.text)
    DMA1_Channel3_IRQHandler                 0x0800015f   Thumb Code     0  startup_stm32f10x_hd.o(.text)
    DMA1_Channel4_IRQHandler                 0x0800015f   Thumb Code     0  startup_stm32f10x_hd.o(.text)
    DMA1_Channel5_IRQHandler                 0x0800015f   Thumb Code     0  startup_stm32f10x_hd.o(.text)
    DMA1_Channel6_IRQHandler                 0x0800015f   Thumb Code     0  startup_stm32f10x_hd.o(.text)
    DMA1_Channel7_IRQHandler                 0x0800015f   Thumb Code     0  startup_stm32f10x_hd.o(.text)
    DMA2_Channel1_IRQHandler                 0x0800015f   Thumb Code     0  startup_stm32f10x_hd.o(.text)
    DMA2_Channel2_IRQHandler                 0x0800015f   Thumb Code     0  startup_stm32f10x_hd.o(.text)
    DMA2_Channel3_IRQHandler                 0x0800015f   Thumb Code     0  startup_stm32f10x_hd.o(.text)
    DMA2_Channel4_5_IRQHandler               0x0800015f   Thumb Code     0  startup_stm32f10x_hd.o(.text)
    EXTI0_IRQHandler                         0x0800015f   Thumb Code     0  startup_stm32f10x_hd.o(.text)
    EXTI15_10_IRQHandler                     0x0800015f   Thumb Code     0  startup_stm32f10x_hd.o(.text)
    EXTI1_IRQHandler                         0x0800015f   Thumb Code     0  startup_stm32f10x_hd.o(.text)
    EXTI2_IRQHandler                         0x0800015f   Thumb Code     0  startup_stm32f10x_hd.o(.text)
    EXTI3_IRQHandler                         0x0800015f   Thumb Code     0  startup_stm32f10x_hd.o(.text)
    EXTI4_IRQHandler                         0x0800015f   Thumb Code     0  startup_stm32f10x_hd.o(.text)
    EXTI9_5_IRQHandler                       0x0800015f   Thumb Code     0  startup_stm32f10x_hd.o(.text)
    FLASH_IRQHandler                         0x0800015f   Thumb Code     0  startup_stm32f10x_hd.o(.text)
    FSMC_IRQHandler                          0x0800015f   Thumb Code     0  startup_stm32f10x_hd.o(.text)
    I2C1_ER_IRQHandler                       0x0800015f   Thumb Code     0  startup_stm32f10x_hd.o(.text)
    I2C1_EV_IRQHandler                       0x0800015f   Thumb Code     0  startup_stm32f10x_hd.o(.text)
    I2C2_ER_IRQHandler                       0x0800015f   Thumb Code     0  startup_stm32f10x_hd.o(.text)
    I2C2_EV_IRQHandler                       0x0800015f   Thumb Code     0  startup_stm32f10x_hd.o(.text)
    PVD_IRQHandler                           0x0800015f   Thumb Code     0  startup_stm32f10x_hd.o(.text)
    RCC_IRQHandler                           0x0800015f   Thumb Code     0  startup_stm32f10x_hd.o(.text)
    RTCAlarm_IRQHandler                      0x0800015f   Thumb Code     0  startup_stm32f10x_hd.o(.text)
    RTC_IRQHandler                           0x0800015f   Thumb Code     0  startup_stm32f10x_hd.o(.text)
    SDIO_IRQHandler                          0x0800015f   Thumb Code     0  startup_stm32f10x_hd.o(.text)
    SPI1_IRQHandler                          0x0800015f   Thumb Code     0  startup_stm32f10x_hd.o(.text)
    SPI2_IRQHandler                          0x0800015f   Thumb Code     0  startup_stm32f10x_hd.o(.text)
    SPI3_IRQHandler                          0x0800015f   Thumb Code     0  startup_stm32f10x_hd.o(.text)
    TAMPER_IRQHandler                        0x0800015f   Thumb Code     0  startup_stm32f10x_hd.o(.text)
    TIM1_BRK_IRQHandler                      0x0800015f   Thumb Code     0  startup_stm32f10x_hd.o(.text)
    TIM1_CC_IRQHandler                       0x0800015f   Thumb Code     0  startup_stm32f10x_hd.o(.text)
    TIM1_TRG_COM_IRQHandler                  0x0800015f   Thumb Code     0  startup_stm32f10x_hd.o(.text)
    TIM1_UP_IRQHandler                       0x0800015f   Thumb Code     0  startup_stm32f10x_hd.o(.text)
    TIM2_IRQHandler                          0x0800015f   Thumb Code     0  startup_stm32f10x_hd.o(.text)
    TIM3_IRQHandler                          0x0800015f   Thumb Code     0  startup_stm32f10x_hd.o(.text)
    TIM4_IRQHandler                          0x0800015f   Thumb Code     0  startup_stm32f10x_hd.o(.text)
    TIM5_IRQHandler                          0x0800015f   Thumb Code     0  startup_stm32f10x_hd.o(.text)
    TIM6_IRQHandler                          0x0800015f   Thumb Code     0  startup_stm32f10x_hd.o(.text)
    TIM7_IRQHandler                          0x0800015f   Thumb Code     0  startup_stm32f10x_hd.o(.text)
    TIM8_BRK_IRQHandler                      0x0800015f   Thumb Code     0  startup_stm32f10x_hd.o(.text)
    TIM8_CC_IRQHandler                       0x0800015f   Thumb Code     0  startup_stm32f10x_hd.o(.text)
    TIM8_TRG_COM_IRQHandler                  0x0800015f   Thumb Code     0  startup_stm32f10x_hd.o(.text)
    TIM8_UP_IRQHandler                       0x0800015f   Thumb Code     0  startup_stm32f10x_hd.o(.text)
    UART4_IRQHandler                         0x0800015f   Thumb Code     0  startup_stm32f10x_hd.o(.text)
    UART5_IRQHandler                         0x0800015f   Thumb Code     0  startup_stm32f10x_hd.o(.text)
    USART2_IRQHandler                        0x0800015f   Thumb Code     0  startup_stm32f10x_hd.o(.text)
    USART3_IRQHandler                        0x0800015f   Thumb Code     0  startup_stm32f10x_hd.o(.text)
    USBWakeUp_IRQHandler                     0x0800015f   Thumb Code     0  startup_stm32f10x_hd.o(.text)
    USB_HP_CAN1_TX_IRQHandler                0x0800015f   Thumb Code     0  startup_stm32f10x_hd.o(.text)
    USB_LP_CAN1_RX0_IRQHandler               0x0800015f   Thumb Code     0  startup_stm32f10x_hd.o(.text)
    WWDG_IRQHandler                          0x0800015f   Thumb Code     0  startup_stm32f10x_hd.o(.text)
    __aeabi_fmul                             0x08000169   Thumb Code   100  fmul.o(.text)
    __aeabi_fdiv                             0x080001cd   Thumb Code   124  fdiv.o(.text)
    __aeabi_dadd                             0x08000249   Thumb Code   322  dadd.o(.text)
    __aeabi_dsub                             0x0800038b   Thumb Code     6  dadd.o(.text)
    __aeabi_drsub                            0x08000391   Thumb Code     6  dadd.o(.text)
    __aeabi_dmul                             0x08000397   Thumb Code   228  dmul.o(.text)
    __aeabi_ddiv                             0x0800047b   Thumb Code   222  ddiv.o(.text)
    __aeabi_i2f                              0x08000559   Thumb Code    18  fflti.o(.text)
    __aeabi_ui2f                             0x0800056b   Thumb Code    10  ffltui.o(.text)
    __aeabi_i2d                              0x08000575   Thumb Code    34  dflti.o(.text)
    __aeabi_ui2d                             0x08000597   Thumb Code    26  dfltui.o(.text)
    __aeabi_f2iz                             0x080005b1   Thumb Code    50  ffixi.o(.text)
    __aeabi_d2iz                             0x080005e3   Thumb Code    62  dfixi.o(.text)
    __aeabi_f2d                              0x08000621   Thumb Code    38  f2d.o(.text)
    __aeabi_d2f                              0x08000647   Thumb Code    56  d2f.o(.text)
    __aeabi_llsl                             0x0800067f   Thumb Code    30  llshl.o(.text)
    _ll_shift_l                              0x0800067f   Thumb Code     0  llshl.o(.text)
    __aeabi_llsr                             0x0800069d   Thumb Code    32  llushr.o(.text)
    _ll_ushift_r                             0x0800069d   Thumb Code     0  llushr.o(.text)
    __aeabi_lasr                             0x080006bd   Thumb Code    36  llsshr.o(.text)
    _ll_sshift_r                             0x080006bd   Thumb Code     0  llsshr.o(.text)
    __I$use$fp                               0x080006e1   Thumb Code     0  iusefp.o(.text)
    _float_round                             0x080006e1   Thumb Code    18  fepilogue.o(.text)
    _float_epilogue                          0x080006f3   Thumb Code    92  fepilogue.o(.text)
    _double_round                            0x0800074f   Thumb Code    30  depilogue.o(.text)
    _double_epilogue                         0x0800076d   Thumb Code   156  depilogue.o(.text)
    __scatterload                            0x08000809   Thumb Code    28  init.o(.text)
    __scatterload_rt2                        0x08000809   Thumb Code     0  init.o(.text)
    BusFault_Handler                         0x0800082d   Thumb Code     2  stm32f10x_it.o(i.BusFault_Handler)
    DebugMon_Handler                         0x0800082f   Thumb Code     2  stm32f10x_it.o(i.DebugMon_Handler)
    FSMC_NORSRAMCmd                          0x08000831   Thumb Code    30  stm32f10x_fsmc.o(i.FSMC_NORSRAMCmd)
    FSMC_NORSRAMInit                         0x08000855   Thumb Code   202  stm32f10x_fsmc.o(i.FSMC_NORSRAMInit)
    GPIO_Init                                0x0800091f   Thumb Code   166  stm32f10x_gpio.o(i.GPIO_Init)
    GPIO_SetBits                             0x080009c5   Thumb Code     4  stm32f10x_gpio.o(i.GPIO_SetBits)
    HardFault_Handler                        0x080009c9   Thumb Code     2  stm32f10x_it.o(i.HardFault_Handler)
    LCD_Clear                                0x080009cd   Thumb Code    52  lcd.o(i.LCD_Clear)
    LCD_Display_Dir                          0x08000a09   Thumb Code   126  lcd.o(i.LCD_Display_Dir)
    LCD_Fast_DrawPoint                       0x08000a8d   Thumb Code    66  lcd.o(i.LCD_Fast_DrawPoint)
    LCD_Fill                                 0x08000ad9   Thumb Code    62  lcd.o(i.LCD_Fill)
    LCD_Init                                 0x08000b1d   Thumb Code   872  lcd.o(i.LCD_Init)
    LCD_Pow                                  0x08000e9d   Thumb Code    16  lcd.o(i.LCD_Pow)
    LCD_RD_DATA                              0x08000ead   Thumb Code    14  lcd.o(i.LCD_RD_DATA)
    LCD_ReadReg                              0x08000ec1   Thumb Code    20  lcd.o(i.LCD_ReadReg)
    LCD_Scan_Dir                             0x08000ed5   Thumb Code   154  lcd.o(i.LCD_Scan_Dir)
    LCD_SetCursor                            0x08000f75   Thumb Code    60  lcd.o(i.LCD_SetCursor)
    LCD_Set_Window                           0x08000fb5   Thumb Code    96  lcd.o(i.LCD_Set_Window)
    LCD_ShowChar                             0x08001019   Thumb Code   200  lcd.o(i.LCD_ShowChar)
    LCD_ShowNum                              0x080010f5   Thumb Code   124  lcd.o(i.LCD_ShowNum)
    LCD_ShowString                           0x08001171   Thumb Code    84  lcd.o(i.LCD_ShowString)
    LCD_WR_DATA                              0x080011c5   Thumb Code     6  lcd.o(i.LCD_WR_DATA)
    LCD_WR_REG                               0x080011d1   Thumb Code     6  lcd.o(i.LCD_WR_REG)
    LCD_WriteRAM_Prepare                     0x080011dd   Thumb Code    10  lcd.o(i.LCD_WriteRAM_Prepare)
    LCD_WriteReg                             0x080011f1   Thumb Code    10  lcd.o(i.LCD_WriteReg)
    LED_Init                                 0x08001201   Thumb Code    70  led.o(i.LED_Init)
    MemManage_Handler                        0x08001251   Thumb Code     2  stm32f10x_it.o(i.MemManage_Handler)
    NMI_Handler                              0x08001253   Thumb Code     2  stm32f10x_it.o(i.NMI_Handler)
    NVIC_Init                                0x08001255   Thumb Code    96  misc.o(i.NVIC_Init)
    NVIC_PriorityGroupConfig                 0x080012b9   Thumb Code    10  misc.o(i.NVIC_PriorityGroupConfig)
    PendSV_Handler                           0x080012cd   Thumb Code     2  stm32f10x_it.o(i.PendSV_Handler)
    RCC_AHBPeriphClockCmd                    0x080012d1   Thumb Code    22  stm32f10x_rcc.o(i.RCC_AHBPeriphClockCmd)
    RCC_APB2PeriphClockCmd                   0x080012ed   Thumb Code    22  stm32f10x_rcc.o(i.RCC_APB2PeriphClockCmd)
    RCC_GetClocksFreq                        0x08001309   Thumb Code   154  stm32f10x_rcc.o(i.RCC_GetClocksFreq)
    SVC_Handler                              0x080013b5   Thumb Code     2  stm32f10x_it.o(i.SVC_Handler)
    SysTick_CLKSourceConfig                  0x0800146d   Thumb Code    28  misc.o(i.SysTick_CLKSourceConfig)
    SysTick_Handler                          0x08001489   Thumb Code     2  stm32f10x_it.o(i.SysTick_Handler)
    SystemInit                               0x0800148d   Thumb Code    64  system_stm32f10x.o(i.SystemInit)
    USART1_IRQHandler                        0x080014dd   Thumb Code    92  usart.o(i.USART1_IRQHandler)
    USART_Cmd                                0x08001545   Thumb Code    24  stm32f10x_usart.o(i.USART_Cmd)
    USART_GetITStatus                        0x0800155d   Thumb Code    64  stm32f10x_usart.o(i.USART_GetITStatus)
    USART_ITConfig                           0x0800159d   Thumb Code    54  stm32f10x_usart.o(i.USART_ITConfig)
    USART_Init                               0x080015d5   Thumb Code   182  stm32f10x_usart.o(i.USART_Init)
    USART_ReceiveData                        0x08001691   Thumb Code     8  stm32f10x_usart.o(i.USART_ReceiveData)
    UsageFault_Handler                       0x08001699   Thumb Code     2  stm32f10x_it.o(i.UsageFault_Handler)
    __scatterload_copy                       0x0800169b   Thumb Code    14  handlers.o(i.__scatterload_copy)
    __scatterload_null                       0x080016a9   Thumb Code     2  handlers.o(i.__scatterload_null)
    __scatterload_zeroinit                   0x080016ab   Thumb Code    14  handlers.o(i.__scatterload_zeroinit)
    big_point                                0x080016b9   Thumb Code    70  main.o(i.big_point)
    delay_init                               0x08001701   Thumb Code    44  delay.o(i.delay_init)
    delay_ms                                 0x08001739   Thumb Code    46  delay.o(i.delay_ms)
    delay_us                                 0x0800176d   Thumb Code    46  delay.o(i.delay_us)
    main                                     0x080017a1   Thumb Code  2360  main.o(i.main)
    uart_init                                0x080020d9   Thumb Code   152  usart.o(i.uart_init)
    asc2_1206                                0x08002178   Data        1140  font.o(.constdata)
    asc2_1608                                0x080025ec   Data        1520  font.o(.constdata)
    asc2_2412                                0x08002bdc   Data        3420  font.o(.constdata)
    Region$$Table$$Base                      0x08003938   Number         0  anon$$obj.o(Region$$Table)
    Region$$Table$$Limit                     0x08003958   Number         0  anon$$obj.o(Region$$Table)
    cx_d                                     0x20000000   Data           2  main.o(.data)
    cy_d                                     0x20000002   Data           2  main.o(.data)
    x_d                                      0x20000004   Data           2  main.o(.data)
    y_d                                      0x20000006   Data           2  main.o(.data)
    len                                      0x20000008   Data           2  main.o(.data)
    cx                                       0x2000000c   Data           4  main.o(.data)
    cy                                       0x20000010   Data           4  main.o(.data)
    su                                       0x20000014   Data           4  main.o(.data)
    jd_s                                     0x20000018   Data           4  main.o(.data)
    jd_sla                                   0x2000001c   Data           4  main.o(.data)
    zjl                                      0x20000020   Data           4  main.o(.data)
    zjl_ks                                   0x20000024   Data           4  main.o(.data)
    jd                                       0x20000028   Data           4  main.o(.data)
    zzjl                                     0x2000002c   Data           4  main.o(.data)
    count_1                                  0x20000030   Data           4  main.o(.data)
    count_2                                  0x20000034   Data           4  main.o(.data)
    count_3                                  0x20000038   Data           4  main.o(.data)
    count_4                                  0x2000003c   Data           4  main.o(.data)
    p                                        0x20000040   Data           4  main.o(.data)
    fw                                       0x20000044   Data           4  main.o(.data)
    i                                        0x20000048   Data           4  main.o(.data)
    j                                        0x2000004c   Data           4  main.o(.data)
    k                                        0x20000050   Data           4  main.o(.data)
    end                                      0x20000054   Data           4  main.o(.data)
    ave_j                                    0x20000058   Data           4  main.o(.data)
    zong_j                                   0x2000005c   Data           4  main.o(.data)
    ave_s                                    0x20000060   Data           4  main.o(.data)
    zong_s                                   0x20000064   Data           4  main.o(.data)
    end_b                                    0x20000068   Data           4  main.o(.data)
    SystemCoreClock                          0x2000006c   Data           4  system_stm32f10x.o(.data)
    AHBPrescTable                            0x20000070   Data          16  system_stm32f10x.o(.data)
    POINT_COLOR                              0x20000080   Data           2  lcd.o(.data)
    BACK_COLOR                               0x20000082   Data           2  lcd.o(.data)
    USART_RX_STA                             0x20000088   Data           2  usart.o(.data)
    CX                                       0x200000a0   Data        4000  main.o(.bss)
    CY                                       0x20001040   Data        4000  main.o(.bss)
    SU                                       0x20001fe0   Data        4000  main.o(.bss)
    JD                                       0x20002f80   Data        4000  main.o(.bss)
    bian                                     0x20003f20   Data          40  main.o(.bss)
    lcddev                                   0x20003f48   Data          14  lcd.o(.bss)
    SendData                                 0x20003f56   Data          24  usart.o(.bss)
    __initial_sp                             0x20004370   Data           0  startup_stm32f10x_hd.o(STACK)



==============================================================================

Memory Map of the image

  Image Entry point : 0x08000131

  Load Region LR_IROM1 (Base: 0x08000000, Size: 0x000039f8, Max: 0x00080000, ABSOLUTE)

    Execution Region ER_IROM1 (Base: 0x08000000, Size: 0x00003958, Max: 0x00080000, ABSOLUTE)

    Base Addr    Size         Type   Attr      Idx    E Section Name        Object

    0x08000000   0x00000130   Data   RO          787    RESET               startup_stm32f10x_hd.o
    0x08000130   0x00000000   Code   RO         1778  * .ARM.Collect$$$$00000000  mc_w.l(entry.o)
    0x08000130   0x00000004   Code   RO         1809    .ARM.Collect$$$$00000001  mc_w.l(entry2.o)
    0x08000134   0x00000004   Code   RO         1812    .ARM.Collect$$$$00000004  mc_w.l(entry5.o)
    0x08000138   0x00000000   Code   RO         1814    .ARM.Collect$$$$00000008  mc_w.l(entry7b.o)
    0x08000138   0x00000000   Code   RO         1816    .ARM.Collect$$$$0000000A  mc_w.l(entry8b.o)
    0x08000138   0x00000008   Code   RO         1817    .ARM.Collect$$$$0000000B  mc_w.l(entry9a.o)
    0x08000140   0x00000000   Code   RO         1819    .ARM.Collect$$$$0000000D  mc_w.l(entry10a.o)
    0x08000140   0x00000000   Code   RO         1821    .ARM.Collect$$$$0000000F  mc_w.l(entry11a.o)
    0x08000140   0x00000004   Code   RO         1810    .ARM.Collect$$$$00002712  mc_w.l(entry2.o)
    0x08000144   0x00000024   Code   RO          788    .text               startup_stm32f10x_hd.o
    0x08000168   0x00000064   Code   RO         1783    .text               mf_w.l(fmul.o)
    0x080001cc   0x0000007c   Code   RO         1785    .text               mf_w.l(fdiv.o)
    0x08000248   0x0000014e   Code   RO         1787    .text               mf_w.l(dadd.o)
    0x08000396   0x000000e4   Code   RO         1789    .text               mf_w.l(dmul.o)
    0x0800047a   0x000000de   Code   RO         1791    .text               mf_w.l(ddiv.o)
    0x08000558   0x00000012   Code   RO         1793    .text               mf_w.l(fflti.o)
    0x0800056a   0x0000000a   Code   RO         1795    .text               mf_w.l(ffltui.o)
    0x08000574   0x00000022   Code   RO         1797    .text               mf_w.l(dflti.o)
    0x08000596   0x0000001a   Code   RO         1799    .text               mf_w.l(dfltui.o)
    0x080005b0   0x00000032   Code   RO         1801    .text               mf_w.l(ffixi.o)
    0x080005e2   0x0000003e   Code   RO         1803    .text               mf_w.l(dfixi.o)
    0x08000620   0x00000026   Code   RO         1805    .text               mf_w.l(f2d.o)
    0x08000646   0x00000038   Code   RO         1807    .text               mf_w.l(d2f.o)
    0x0800067e   0x0000001e   Code   RO         1823    .text               mc_w.l(llshl.o)
    0x0800069c   0x00000020   Code   RO         1825    .text               mc_w.l(llushr.o)
    0x080006bc   0x00000024   Code   RO         1827    .text               mc_w.l(llsshr.o)
    0x080006e0   0x00000000   Code   RO         1829    .text               mc_w.l(iusefp.o)
    0x080006e0   0x0000006e   Code   RO         1830    .text               mf_w.l(fepilogue.o)
    0x0800074e   0x000000ba   Code   RO         1832    .text               mf_w.l(depilogue.o)
    0x08000808   0x00000024   Code   RO         1834    .text               mc_w.l(init.o)
    0x0800082c   0x00000002   Code   RO          155    i.BusFault_Handler  stm32f10x_it.o
    0x0800082e   0x00000002   Code   RO          156    i.DebugMon_Handler  stm32f10x_it.o
    0x08000830   0x00000024   Code   RO          839    i.FSMC_NORSRAMCmd   stm32f10x_fsmc.o
    0x08000854   0x000000ca   Code   RO          841    i.FSMC_NORSRAMInit  stm32f10x_fsmc.o
    0x0800091e   0x000000a6   Code   RO          954    i.GPIO_Init         stm32f10x_gpio.o
    0x080009c4   0x00000004   Code   RO          962    i.GPIO_SetBits      stm32f10x_gpio.o
    0x080009c8   0x00000002   Code   RO          157    i.HardFault_Handler  stm32f10x_it.o
    0x080009ca   0x00000002   PAD
    0x080009cc   0x0000003c   Code   RO          316    i.LCD_Clear         lcd.o
    0x08000a08   0x00000084   Code   RO          320    i.LCD_Display_Dir   lcd.o
    0x08000a8c   0x0000004c   Code   RO          325    i.LCD_Fast_DrawPoint  lcd.o
    0x08000ad8   0x00000044   Code   RO          326    i.LCD_Fill          lcd.o
    0x08000b1c   0x00000380   Code   RO          327    i.LCD_Init          lcd.o
    0x08000e9c   0x00000010   Code   RO          328    i.LCD_Pow           lcd.o
    0x08000eac   0x00000014   Code   RO          329    i.LCD_RD_DATA       lcd.o
    0x08000ec0   0x00000014   Code   RO          331    i.LCD_ReadReg       lcd.o
    0x08000ed4   0x000000a0   Code   RO          332    i.LCD_Scan_Dir      lcd.o
    0x08000f74   0x00000040   Code   RO          333    i.LCD_SetCursor     lcd.o
    0x08000fb4   0x00000064   Code   RO          334    i.LCD_Set_Window    lcd.o
    0x08001018   0x000000dc   Code   RO          335    i.LCD_ShowChar      lcd.o
    0x080010f4   0x0000007c   Code   RO          336    i.LCD_ShowNum       lcd.o
    0x08001170   0x00000054   Code   RO          337    i.LCD_ShowString    lcd.o
    0x080011c4   0x0000000c   Code   RO          339    i.LCD_WR_DATA       lcd.o
    0x080011d0   0x0000000c   Code   RO          340    i.LCD_WR_REG        lcd.o
    0x080011dc   0x00000014   Code   RO          342    i.LCD_WriteRAM_Prepare  lcd.o
    0x080011f0   0x00000010   Code   RO          343    i.LCD_WriteReg      lcd.o
    0x08001200   0x00000050   Code   RO          278    i.LED_Init          led.o
    0x08001250   0x00000002   Code   RO          158    i.MemManage_Handler  stm32f10x_it.o
    0x08001252   0x00000002   Code   RO          159    i.NMI_Handler       stm32f10x_it.o
    0x08001254   0x00000064   Code   RO          792    i.NVIC_Init         misc.o
    0x080012b8   0x00000014   Code   RO          793    i.NVIC_PriorityGroupConfig  misc.o
    0x080012cc   0x00000002   Code   RO          160    i.PendSV_Handler    stm32f10x_it.o
    0x080012ce   0x00000002   PAD
    0x080012d0   0x0000001c   Code   RO         1063    i.RCC_AHBPeriphClockCmd  stm32f10x_rcc.o
    0x080012ec   0x0000001c   Code   RO         1066    i.RCC_APB2PeriphClockCmd  stm32f10x_rcc.o
    0x08001308   0x000000ac   Code   RO         1074    i.RCC_GetClocksFreq  stm32f10x_rcc.o
    0x080013b4   0x00000002   Code   RO          161    i.SVC_Handler       stm32f10x_it.o
    0x080013b6   0x00000004   Code   RO          244    i.SetSysClock       system_stm32f10x.o
    0x080013ba   0x00000002   PAD
    0x080013bc   0x000000b0   Code   RO          245    i.SetSysClockTo72   system_stm32f10x.o
    0x0800146c   0x0000001c   Code   RO          796    i.SysTick_CLKSourceConfig  misc.o
    0x08001488   0x00000002   Code   RO          162    i.SysTick_Handler   stm32f10x_it.o
    0x0800148a   0x00000002   PAD
    0x0800148c   0x00000050   Code   RO          247    i.SystemInit        system_stm32f10x.o
    0x080014dc   0x00000068   Code   RO          731    i.USART1_IRQHandler  usart.o
    0x08001544   0x00000018   Code   RO         1266    i.USART_Cmd         stm32f10x_usart.o
    0x0800155c   0x00000040   Code   RO         1270    i.USART_GetITStatus  stm32f10x_usart.o
    0x0800159c   0x00000036   Code   RO         1272    i.USART_ITConfig    stm32f10x_usart.o
    0x080015d2   0x00000002   PAD
    0x080015d4   0x000000bc   Code   RO         1273    i.USART_Init        stm32f10x_usart.o
    0x08001690   0x00000008   Code   RO         1280    i.USART_ReceiveData  stm32f10x_usart.o
    0x08001698   0x00000002   Code   RO          163    i.UsageFault_Handler  stm32f10x_it.o
    0x0800169a   0x0000000e   Code   RO         1838    i.__scatterload_copy  mc_w.l(handlers.o)
    0x080016a8   0x00000002   Code   RO         1839    i.__scatterload_null  mc_w.l(handlers.o)
    0x080016aa   0x0000000e   Code   RO         1840    i.__scatterload_zeroinit  mc_w.l(handlers.o)
    0x080016b8   0x00000046   Code   RO            1    i.big_point         main.o
    0x080016fe   0x00000002   PAD
    0x08001700   0x00000038   Code   RO          676    i.delay_init        delay.o
    0x08001738   0x00000034   Code   RO          677    i.delay_ms          delay.o
    0x0800176c   0x00000034   Code   RO          678    i.delay_us          delay.o
    0x080017a0   0x00000938   Code   RO            2    i.main              main.o
    0x080020d8   0x000000a0   Code   RO          734    i.uart_init         usart.o
    0x08002178   0x00000474   Data   RO          633    .constdata          font.o
    0x080025ec   0x000005f0   Data   RO          634    .constdata          font.o
    0x08002bdc   0x00000d5c   Data   RO          635    .constdata          font.o
    0x08003938   0x00000020   Data   RO         1836    Region$$Table       anon$$obj.o


    Execution Region RW_IRAM1 (Base: 0x20000000, Size: 0x00004370, Max: 0x00010000, ABSOLUTE)

    Base Addr    Size         Type   Attr      Idx    E Section Name        Object

    0x20000000   0x0000006c   Data   RW           12    .data               main.o
    0x2000006c   0x00000014   Data   RW          248    .data               system_stm32f10x.o
    0x20000080   0x00000004   Data   RW          347    .data               lcd.o
    0x20000084   0x00000004   Data   RW          679    .data               delay.o
    0x20000088   0x00000002   Data   RW          738    .data               usart.o
    0x2000008a   0x00000014   Data   RW         1094    .data               stm32f10x_rcc.o
    0x2000009e   0x00000002   PAD
    0x200000a0   0x00003ea8   Zero   RW            4    .bss                main.o
    0x20003f48   0x0000000e   Zero   RW          345    .bss                lcd.o
    0x20003f56   0x00000018   Zero   RW          735    .bss                usart.o
    0x20003f6e   0x00000002   PAD
    0x20003f70   0x00000400   Zero   RW          785    STACK               startup_stm32f10x_hd.o


==============================================================================

Image component sizes


      Code (inc. data)   RO Data    RW Data    ZI Data      Debug   Object Name

       160         24          0          4          0       1679   delay.o
         0          0       6080          0          0       1174   font.o
      2100        130          0          4         14      13854   lcd.o
        80         10          0          0          0        495   led.o
      2430        120          0        108      16040     244280   main.o
       148         14          0          0          0       2093   misc.o
        36          8        304          0       1024        784   startup_stm32f10x_hd.o
       238          6          0          0          0       1861   stm32f10x_fsmc.o
       170          0          0          0          0       2543   stm32f10x_gpio.o
        18          0          0          0          0       3622   stm32f10x_it.o
       228         30          0         20          0       4581   stm32f10x_rcc.o
       338          6          0          0          0       5254   stm32f10x_usart.o
         0          0          0          0          0         32   sys.o
       260         26          0         20          0       2009   system_stm32f10x.o
       264         20          0          2         24       3267   usart.o

    ----------------------------------------------------------------------
      6482        394       6416        160      17104     287528   Object Totals
         0          0         32          0          0          0   (incl. Generated)
        12          0          0          2          2          0   (incl. Padding)

    ----------------------------------------------------------------------

      Code (inc. data)   RO Data    RW Data    ZI Data      Debug   Library Member Name

         0          0          0          0          0          0   entry.o
         0          0          0          0          0          0   entry10a.o
         0          0          0          0          0          0   entry11a.o
         8          4          0          0          0          0   entry2.o
         4          0          0          0          0          0   entry5.o
         0          0          0          0          0          0   entry7b.o
         0          0          0          0          0          0   entry8b.o
         8          4          0          0          0          0   entry9a.o
        30          0          0          0          0          0   handlers.o
        36          8          0          0          0         68   init.o
         0          0          0          0          0          0   iusefp.o
        30          0          0          0          0         68   llshl.o
        36          0          0          0          0         68   llsshr.o
        32          0          0          0          0         68   llushr.o
        56          0          0          0          0         88   d2f.o
       334          0          0          0          0        148   dadd.o
       222          0          0          0          0        100   ddiv.o
       186          0          0          0          0        176   depilogue.o
        62          0          0          0          0         80   dfixi.o
        34          0          0          0          0         76   dflti.o
        26          0          0          0          0         76   dfltui.o
       228          0          0          0          0         96   dmul.o
        38          0          0          0          0         68   f2d.o
       124          0          0          0          0         88   fdiv.o
       110          0          0          0          0        168   fepilogue.o
        50          0          0          0          0         68   ffixi.o
        18          0          0          0          0         68   fflti.o
        10          0          0          0          0         68   ffltui.o
       100          0          0          0          0         76   fmul.o

    ----------------------------------------------------------------------
      1782         16          0          0          0       1716   Library Totals
         0          0          0          0          0          0   (incl. Padding)

    ----------------------------------------------------------------------

      Code (inc. data)   RO Data    RW Data    ZI Data      Debug   Library Name

       184         16          0          0          0        272   mc_w.l
      1598          0          0          0          0       1444   mf_w.l

    ----------------------------------------------------------------------
      1782         16          0          0          0       1716   Library Totals

    ----------------------------------------------------------------------

==============================================================================


      Code (inc. data)   RO Data    RW Data    ZI Data      Debug   

      8264        410       6416        160      17104     286068   Grand Totals
      8264        410       6416        160      17104     286068   ELF Image Totals
      8264        410       6416        160          0          0   ROM Totals

==============================================================================

    Total RO  Size (Code + RO Data)                14680 (  14.34kB)
    Total RW  Size (RW Data + ZI Data)             17264 (  16.86kB)
    Total ROM Size (Code + RO Data + RW Data)      14840 (  14.49kB)

==============================================================================

